00:06:49 **** Clean-only build of configuration Debug for project test_echo ****
make clean 
rm -rf  ./src/circular_buffer.o ./src/echo.o ./src/i2c_access.o ./src/iic_phyreset.o ./src/main.o ./src/platform.o ./src/platform_mb.o ./src/platform_ppc.o ./src/platform_zynq.o ./src/platform_zynqmp.o ./src/sensor_fusion.o ./src/sfp.o ./src/si5324.o  ./src/circular_buffer.d ./src/echo.d ./src/i2c_access.d ./src/iic_phyreset.d ./src/main.d ./src/platform.d ./src/platform_mb.d ./src/platform_ppc.d ./src/platform_zynq.d ./src/platform_zynqmp.d ./src/sensor_fusion.d ./src/sfp.d ./src/si5324.d  test_echo.elf.size  test_echo.elf
 
00:06:50 **** Clean-only build of project test_echo_bsp ****
make -k clean 
C:/Xilinx2/SDK/2018.3/gnuwin/bin/make -C microblaze_0/libsrc/bram_v4_2/src -s clean 
C:/Xilinx2/SDK/2018.3/gnuwin/bin/make -C microblaze_0/libsrc/cpu_v2_8/src -s clean 
C:/Xilinx2/SDK/2018.3/gnuwin/bin/make -C microblaze_0/libsrc/emaclite_v4_3/src -s clean 
C:/Xilinx2/SDK/2018.3/gnuwin/bin/make -C microblaze_0/libsrc/intc_v3_8/src -s clean 
C:/Xilinx2/SDK/2018.3/gnuwin/bin/make -C microblaze_0/libsrc/lwip202_v1_2/src -s clean 
C:/Xilinx2/SDK/2018.3/gnuwin/bin/make -C microblaze_0/libsrc/PmodAD2_v1_0/src -s clean 
C:\Xilinx2\SDK\2018.3\gnuwin\bin\rm.exe: cannot lstat `*.o': Invalid argument
make[1]: *** [Makefile:26: clean] Error 1
make: *** [Makefile:33: microblaze_0/libsrc/PmodAD2_v1_0/src/make.clean] Error 2
C:/Xilinx2/SDK/2018.3/gnuwin/bin/make -C microblaze_0/libsrc/PmodGPIO_v1_0/src -s clean 
C:\Xilinx2\SDK\2018.3\gnuwin\bin\rm.exe: cannot lstat `*.o': Invalid argument
make[1]: *** [Makefile:26: clean] Error 1
make: *** [Makefile:33: microblaze_0/libsrc/PmodGPIO_v1_0/src/make.clean] Error 2
C:/Xilinx2/SDK/2018.3/gnuwin/bin/make -C microblaze_0/libsrc/standalone_v6_8/src -s clean 
C:\Xilinx2\SDK\2018.3\gnuwin\bin\make: invalid option -- c
C:\Xilinx2\SDK\2018.3\gnuwin\bin\make: invalid option --  
C:\Xilinx2\SDK\2018.3\gnuwin\bin\make: invalid option -- E
C:\Xilinx2\SDK\2018.3\gnuwin\bin\make: invalid option -- X
C:\Xilinx2\SDK\2018.3\gnuwin\bin\make: invalid option -- T
C:\Xilinx2\SDK\2018.3\gnuwin\bin\make: invalid option -- A
C:\Xilinx2\SDK\2018.3\gnuwin\bin\make: invalid option -- _
Usage: make [options] [target] ...
Options:
  -b, -m                      Ignored for compatibility.
  -B, --always-make           Unconditionally make all targets.
  -C DIRECTORY, --directory=DIRECTORY
                              Change to DIRECTORY before doing anything.
  -d                          Print lots of debugging information.
  --debug[=FLAGS]             Print various types of debugging information.
  -e, --environment-overrides
                              Environment variables override makefiles.
  --eval=STRING               Evaluate STRING as a makefile statement.
  -f FILE, --file=FILE, --makefile=FILE
                              Read FILE as a makefile.
  -h, --help                  Print this message and exit.
  -i, --ignore-errors         Ignore errors from recipes.
  -I DIRECTORY, --include-dir=DIRECTORY
                              Search DIRECTORY for included makefiles.
  -j [N], --jobs[=N]          Allow N jobs at once; infinite jobs with no arg.
  -k, --keep-going            Keep going when some targets can't be made.
  -l [N], --load-average[=N], --max-load[=N]
                              Don't start multiple jobs unless load is below N.
  -L, --check-symlink-times   Use the latest mtime between symlinks and target.
  -n, --just-print, --dry-run, --recon
                              Don't actually run any recipe; just print them.
  -o FILE, --old-file=FILE, --assume-old=FILE
                              Consider FILE to be very old and don't remake it.
  -O[TYPE], --output-sync[=TYPE]
                              Synchronize output of parallel jobs by TYPE.
  -p, --print-data-base       Print make's internal database.
  -q, --question              Run no recipe; exit status says if up to date.
  -r, --no-builtin-rules      Disable the built-in implicit rules.
  -R, --no-builtin-variables  Disable the built-in variable settings.
  -s, --silent, --quiet       Don't echo recipes.
  -S, --no-keep-going, --stop
                              Turns off -k.
  -t, --touch                 Touch targets instead of remaking them.
  --trace                     Print tracing information.
  -v, --version               Print the version number of make and exit.
  -w, --print-directory       Print the current directory.
  --no-print-directory        Turn off -w, even if it was turned on implicitly.
  -W FILE, --what-if=FILE, --new-file=FILE, --assume-new=FILE
                              Consider FILE to be infinitely new.
  --warn-undefined-variables  Warn when an undefined variable is referenced.

This program built for i686-w64-mingw32
Report bugs to <bug-make@gnu.org>
make[1]: *** [Makefile:75: clean] Error 2
make: *** [Makefile:33: microblaze_0/libsrc/standalone_v6_8/src/make.clean] Error 2
C:/Xilinx2/SDK/2018.3/gnuwin/bin/make -C microblaze_0/libsrc/tmrctr_v4_5/src -s clean 
C:/Xilinx2/SDK/2018.3/gnuwin/bin/make -C microblaze_0/libsrc/uartlite_v3_2/src -s clean 
make: Target 'clean' not remade because of errors.
00:06:52 **** Build of project test_echo_bsp ****
make -k all 
"Running Make include in microblaze_0/libsrc/bram_v4_2/src"
C:/Xilinx2/SDK/2018.3/gnuwin/bin/make -C microblaze_0/libsrc/bram_v4_2/src -s include  "SHELL=CMD" "COMPILER=mb-gcc" "ARCHIVER=mb-ar" "COMPILER_FLAGS=  -O2 -c -mcpu=v11.0 -mhard-float -mlittle-endian -mno-xl-soft-div -mno-xl-soft-mul -mxl-float-convert -mxl-float-sqrt" "EXTRA_COMPILER_FLAGS=-ffunction-sections -fdata-sections -Wall -Wextra"
"Running Make include in microblaze_0/libsrc/cpu_v2_8/src"
C:/Xilinx2/SDK/2018.3/gnuwin/bin/make -C microblaze_0/libsrc/cpu_v2_8/src -s include  "SHELL=CMD" "COMPILER=mb-gcc" "ARCHIVER=mb-ar" "COMPILER_FLAGS=  -O2 -c -mcpu=v11.0 -mhard-float -mlittle-endian -mno-xl-soft-div -mno-xl-soft-mul -mxl-float-convert -mxl-float-sqrt" "EXTRA_COMPILER_FLAGS=-ffunction-sections -fdata-sections -Wall -Wextra"
"Running Make include in microblaze_0/libsrc/emaclite_v4_3/src"
C:/Xilinx2/SDK/2018.3/gnuwin/bin/make -C microblaze_0/libsrc/emaclite_v4_3/src -s include  "SHELL=CMD" "COMPILER=mb-gcc" "ARCHIVER=mb-ar" "COMPILER_FLAGS=  -O2 -c -mcpu=v11.0 -mhard-float -mlittle-endian -mno-xl-soft-div -mno-xl-soft-mul -mxl-float-convert -mxl-float-sqrt" "EXTRA_COMPILER_FLAGS=-ffunction-sections -fdata-sections -Wall -Wextra"
"Running Make include in microblaze_0/libsrc/intc_v3_8/src"
C:/Xilinx2/SDK/2018.3/gnuwin/bin/make -C microblaze_0/libsrc/intc_v3_8/src -s include  "SHELL=CMD" "COMPILER=mb-gcc" "ARCHIVER=mb-ar" "COMPILER_FLAGS=  -O2 -c -mcpu=v11.0 -mhard-float -mlittle-endian -mno-xl-soft-div -mno-xl-soft-mul -mxl-float-convert -mxl-float-sqrt" "EXTRA_COMPILER_FLAGS=-ffunction-sections -fdata-sections -Wall -Wextra"
"Running Make include in microblaze_0/libsrc/lwip202_v1_2/src"
C:/Xilinx2/SDK/2018.3/gnuwin/bin/make -C microblaze_0/libsrc/lwip202_v1_2/src -s include  "SHELL=CMD" "COMPILER=mb-gcc" "ARCHIVER=mb-ar" "COMPILER_FLAGS=  -O2 -c -mcpu=v11.0 -mhard-float -mlittle-endian -mno-xl-soft-div -mno-xl-soft-mul -mxl-float-convert -mxl-float-sqrt" "EXTRA_COMPILER_FLAGS=-ffunction-sections -fdata-sections -Wall -Wextra"
"Running Make include in microblaze_0/libsrc/PmodAD2_v1_0/src"
C:/Xilinx2/SDK/2018.3/gnuwin/bin/make -C microblaze_0/libsrc/PmodAD2_v1_0/src -s include  "SHELL=CMD" "COMPILER=mb-gcc" "ARCHIVER=mb-ar" "COMPILER_FLAGS=  -O2 -c -mcpu=v11.0 -mhard-float -mlittle-endian -mno-xl-soft-div -mno-xl-soft-mul -mxl-float-convert -mxl-float-sqrt" "EXTRA_COMPILER_FLAGS=-ffunction-sections -fdata-sections -Wall -Wextra"
"Running Make include in microblaze_0/libsrc/PmodGPIO_v1_0/src"
C:/Xilinx2/SDK/2018.3/gnuwin/bin/make -C microblaze_0/libsrc/PmodGPIO_v1_0/src -s include  "SHELL=CMD" "COMPILER=mb-gcc" "ARCHIVER=mb-ar" "COMPILER_FLAGS=  -O2 -c -mcpu=v11.0 -mhard-float -mlittle-endian -mno-xl-soft-div -mno-xl-soft-mul -mxl-float-convert -mxl-float-sqrt" "EXTRA_COMPILER_FLAGS=-ffunction-sections -fdata-sections -Wall -Wextra"
"Running Make include in microblaze_0/libsrc/standalone_v6_8/src"
C:/Xilinx2/SDK/2018.3/gnuwin/bin/make -C microblaze_0/libsrc/standalone_v6_8/src -s include  "SHELL=CMD" "COMPILER=mb-gcc" "ARCHIVER=mb-ar" "COMPILER_FLAGS=  -O2 -c -mcpu=v11.0 -mhard-float -mlittle-endian -mno-xl-soft-div -mno-xl-soft-mul -mxl-float-convert -mxl-float-sqrt" "EXTRA_COMPILER_FLAGS=-ffunction-sections -fdata-sections -Wall -Wextra"
"Running Make include in microblaze_0/libsrc/tmrctr_v4_5/src"
C:/Xilinx2/SDK/2018.3/gnuwin/bin/make -C microblaze_0/libsrc/tmrctr_v4_5/src -s include  "SHELL=CMD" "COMPILER=mb-gcc" "ARCHIVER=mb-ar" "COMPILER_FLAGS=  -O2 -c -mcpu=v11.0 -mhard-float -mlittle-endian -mno-xl-soft-div -mno-xl-soft-mul -mxl-float-convert -mxl-float-sqrt" "EXTRA_COMPILER_FLAGS=-ffunction-sections -fdata-sections -Wall -Wextra"
"Running Make include in microblaze_0/libsrc/uartlite_v3_2/src"
C:/Xilinx2/SDK/2018.3/gnuwin/bin/make -C microblaze_0/libsrc/uartlite_v3_2/src -s include  "SHELL=CMD" "COMPILER=mb-gcc" "ARCHIVER=mb-ar" "COMPILER_FLAGS=  -O2 -c -mcpu=v11.0 -mhard-float -mlittle-endian -mno-xl-soft-div -mno-xl-soft-mul -mxl-float-convert -mxl-float-sqrt" "EXTRA_COMPILER_FLAGS=-ffunction-sections -fdata-sections -Wall -Wextra"
"Running Make libs in microblaze_0/libsrc/bram_v4_2/src"
C:/Xilinx2/SDK/2018.3/gnuwin/bin/make -C microblaze_0/libsrc/bram_v4_2/src -s libs  "SHELL=CMD" "COMPILER=mb-gcc" "ARCHIVER=mb-ar" "COMPILER_FLAGS=  -O2 -c -mcpu=v11.0 -mhard-float -mlittle-endian -mno-xl-soft-div -mno-xl-soft-mul -mxl-float-convert -mxl-float-sqrt" "EXTRA_COMPILER_FLAGS=-ffunction-sections -fdata-sections -Wall -Wextra"
"Compiling bram"
"Running Make libs in microblaze_0/libsrc/cpu_v2_8/src"
C:/Xilinx2/SDK/2018.3/gnuwin/bin/make -C microblaze_0/libsrc/cpu_v2_8/src -s libs  "SHELL=CMD" "COMPILER=mb-gcc" "ARCHIVER=mb-ar" "COMPILER_FLAGS=  -O2 -c -mcpu=v11.0 -mhard-float -mlittle-endian -mno-xl-soft-div -mno-xl-soft-mul -mxl-float-convert -mxl-float-sqrt" "EXTRA_COMPILER_FLAGS=-ffunction-sections -fdata-sections -Wall -Wextra"
"Compiling cpu"
"Running Make libs in microblaze_0/libsrc/emaclite_v4_3/src"
C:/Xilinx2/SDK/2018.3/gnuwin/bin/make -C microblaze_0/libsrc/emaclite_v4_3/src -s libs  "SHELL=CMD" "COMPILER=mb-gcc" "ARCHIVER=mb-ar" "COMPILER_FLAGS=  -O2 -c -mcpu=v11.0 -mhard-float -mlittle-endian -mno-xl-soft-div -mno-xl-soft-mul -mxl-float-convert -mxl-float-sqrt" "EXTRA_COMPILER_FLAGS=-ffunction-sections -fdata-sections -Wall -Wextra"
"Compiling emaclite"
"Running Make libs in microblaze_0/libsrc/intc_v3_8/src"
C:/Xilinx2/SDK/2018.3/gnuwin/bin/make -C microblaze_0/libsrc/intc_v3_8/src -s libs  "SHELL=CMD" "COMPILER=mb-gcc" "ARCHIVER=mb-ar" "COMPILER_FLAGS=  -O2 -c -mcpu=v11.0 -mhard-float -mlittle-endian -mno-xl-soft-div -mno-xl-soft-mul -mxl-float-convert -mxl-float-sqrt" "EXTRA_COMPILER_FLAGS=-ffunction-sections -fdata-sections -Wall -Wextra"
"Compiling intc"
"Running Make libs in microblaze_0/libsrc/lwip202_v1_2/src"
C:/Xilinx2/SDK/2018.3/gnuwin/bin/make -C microblaze_0/libsrc/lwip202_v1_2/src -s libs  "SHELL=CMD" "COMPILER=mb-gcc" "ARCHIVER=mb-ar" "COMPILER_FLAGS=  -O2 -c -mcpu=v11.0 -mhard-float -mlittle-endian -mno-xl-soft-div -mno-xl-soft-mul -mxl-float-convert -mxl-float-sqrt" "EXTRA_COMPILER_FLAGS=-ffunction-sections -fdata-sections -Wall -Wextra"
"Compiling lwip src and adapter files"
contrib/ports/xilinx/netif/xadapter.c: In function 'eth_link_detect':
contrib/ports/xilinx/netif/xadapter.c:364:8: warning: unused variable 'link_speed' [-Wunused-variable]
  u32_t link_speed, phy_link_status;
        ^~~~~~~~~~
contrib/ports/xilinx/netif/xemacliteif.c: In function 'configure_IEEE_phy_speed_emaclite':
contrib/ports/xilinx/netif/xemacliteif.c:770:6: warning: unused variable 'phylinkspeed' [-Wunused-variable]
  u16 phylinkspeed;
      ^~~~~~~~~~~~
contrib/ports/xilinx/netif/xemacliteif.c:769:6: warning: unused variable 'status' [-Wunused-variable]
  u16 status;
      ^~~~~~
contrib/ports/xilinx/netif/xemacliteif.c: In function 'xemacliteif_init':
contrib/ports/xilinx/netif/xemacliteif.c:843:16: warning: assignment from incompatible pointer type [-Wincompatible-pointer-types]
  netif->output = xemacliteif_output;
                ^
"Running Make libs in microblaze_0/libsrc/PmodAD2_v1_0/src"
C:/Xilinx2/SDK/2018.3/gnuwin/bin/make -C microblaze_0/libsrc/PmodAD2_v1_0/src -s libs  "SHELL=CMD" "COMPILER=mb-gcc" "ARCHIVER=mb-ar" "COMPILER_FLAGS=  -O2 -c -mcpu=v11.0 -mhard-float -mlittle-endian -mno-xl-soft-div -mno-xl-soft-mul -mxl-float-convert -mxl-float-sqrt" "EXTRA_COMPILER_FLAGS=-ffunction-sections -fdata-sections -Wall -Wextra"
"Compiling PmodAD2..."
In file included from xiic.h:311:0,
                 from PmodAD2.h:23,
                 from PmodAD2.c:21:
PmodAD2.c: In function 'AD2_IICInit':
xiic_l.h:300:13: warning: passing argument 1 of 'Xil_Out32' makes integer from pointer without a cast [-Wint-conversion]
  XIic_Out32((BaseAddress) + (RegOffset), (RegisterValue))
             ^
xiic_l.h:317:2: note: in expansion of macro 'XIic_WriteReg'
  XIic_WriteReg((BaseAddress), XIIC_DGIER_OFFSET, 0)
  ^~~~~~~~~~~~~
PmodAD2.c:80:4: note: in expansion of macro 'XIic_IntrGlobalDisable'
    XIic_IntrGlobalDisable(IicInstancePtr);
    ^~~~~~~~~~~~~~~~~~~~~~
In file included from xiic_l.h:98:0,
                 from xiic.h:311,
                 from PmodAD2.h:23,
                 from PmodAD2.c:21:
../../../include/xil_io.h:219:20: note: expected 'UINTPTR {aka unsigned int}' but argument is of type 'XIic * {aka struct <anonymous> *}'
 static INLINE void Xil_Out32(UINTPTR Addr, u32 Value)
                    ^~~~~~~~~
"Running Make libs in microblaze_0/libsrc/PmodGPIO_v1_0/src"
C:/Xilinx2/SDK/2018.3/gnuwin/bin/make -C microblaze_0/libsrc/PmodGPIO_v1_0/src -s libs  "SHELL=CMD" "COMPILER=mb-gcc" "ARCHIVER=mb-ar" "COMPILER_FLAGS=  -O2 -c -mcpu=v11.0 -mhard-float -mlittle-endian -mno-xl-soft-div -mno-xl-soft-mul -mxl-float-convert -mxl-float-sqrt" "EXTRA_COMPILER_FLAGS=-ffunction-sections -fdata-sections -Wall -Wextra"
"Compiling PmodGPIO..."
"Running Make libs in microblaze_0/libsrc/standalone_v6_8/src"
C:/Xilinx2/SDK/2018.3/gnuwin/bin/make -C microblaze_0/libsrc/standalone_v6_8/src -s libs  "SHELL=CMD" "COMPILER=mb-gcc" "ARCHIVER=mb-ar" "COMPILER_FLAGS=  -O2 -c -mcpu=v11.0 -mhard-float -mlittle-endian -mno-xl-soft-div -mno-xl-soft-mul -mxl-float-convert -mxl-float-sqrt" "EXTRA_COMPILER_FLAGS=-ffunction-sections -fdata-sections -Wall -Wextra"
"Compiling standalone";
microblaze_sleep.c:77:9: note: #pragma message: For the sleep routines, assembly instructions are used
 #pragma message ("For the sleep routines, assembly instructions are used")
         ^~~~~~~
"Running Make libs in microblaze_0/libsrc/tmrctr_v4_5/src"
C:/Xilinx2/SDK/2018.3/gnuwin/bin/make -C microblaze_0/libsrc/tmrctr_v4_5/src -s libs  "SHELL=CMD" "COMPILER=mb-gcc" "ARCHIVER=mb-ar" "COMPILER_FLAGS=  -O2 -c -mcpu=v11.0 -mhard-float -mlittle-endian -mno-xl-soft-div -mno-xl-soft-mul -mxl-float-convert -mxl-float-sqrt" "EXTRA_COMPILER_FLAGS=-ffunction-sections -fdata-sections -Wall -Wextra"
"Compiling tmrctr"
"Running Make libs in microblaze_0/libsrc/uartlite_v3_2/src"
C:/Xilinx2/SDK/2018.3/gnuwin/bin/make -C microblaze_0/libsrc/uartlite_v3_2/src -s libs  "SHELL=CMD" "COMPILER=mb-gcc" "ARCHIVER=mb-ar" "COMPILER_FLAGS=  -O2 -c -mcpu=v11.0 -mhard-float -mlittle-endian -mno-xl-soft-div -mno-xl-soft-mul -mxl-float-convert -mxl-float-sqrt" "EXTRA_COMPILER_FLAGS=-ffunction-sections -fdata-sections -Wall -Wextra"
"Compiling uartlite"
'Finished building libraries'
00:07:19 **** Build of configuration Debug for project test_echo ****
make all 
Building file: ../src/circular_buffer.c
Invoking: MicroBlaze gcc compiler
mb-gcc -Wall -O0 -g3 -c -fmessage-length=0 -MT"src/circular_buffer.o" -I../../test_echo_bsp/microblaze_0/include -mlittle-endian -mno-xl-soft-div -mcpu=v11.0 -mno-xl-soft-mul -mhard-float -mxl-float-convert -mxl-float-sqrt -Wl,--no-relax -ffunction-sections -fdata-sections -MMD -MP -MF"src/circular_buffer.d" -MT"src/circular_buffer.o" -o "src/circular_buffer.o" "../src/circular_buffer.c"
../src/circular_buffer.c:7:10: fatal error: dataProc/circular_buffer.h: No such file or directory
 #include "dataProc/circular_buffer.h"
          ^~~~~~~~~~~~~~~~~~~~~~~~~~~~
compilation terminated.
make: *** [src/subdir.mk:59: src/circular_buffer.o] Error 1
00:08:06 **** Auto Build of configuration Debug for project test_echo ****
make all 
Building file: ../src/circular_buffer.c
Invoking: MicroBlaze gcc compiler
mb-gcc -Wall -O0 -g3 -c -fmessage-length=0 -MT"src/circular_buffer.o" -I../../test_echo_bsp/microblaze_0/include -mlittle-endian -mno-xl-soft-div -mcpu=v11.0 -mno-xl-soft-mul -mhard-float -mxl-float-convert -mxl-float-sqrt -Wl,--no-relax -ffunction-sections -fdata-sections -MMD -MP -MF"src/circular_buffer.d" -MT"src/circular_buffer.o" -o "src/circular_buffer.o" "../src/circular_buffer.c"
Finished building: ../src/circular_buffer.c
 
Building file: ../src/echo.c
Invoking: MicroBlaze gcc compiler
mb-gcc -Wall -O0 -g3 -c -fmessage-length=0 -MT"src/echo.o" -I../../test_echo_bsp/microblaze_0/include -mlittle-endian -mno-xl-soft-div -mcpu=v11.0 -mno-xl-soft-mul -mhard-float -mxl-float-convert -mxl-float-sqrt -Wl,--no-relax -ffunction-sections -fdata-sections -MMD -MP -MF"src/echo.d" -MT"src/echo.o" -o "src/echo.o" "../src/echo.c"
Finished building: ../src/echo.c
 
Building file: ../src/i2c_access.c
Invoking: MicroBlaze gcc compiler
mb-gcc -Wall -O0 -g3 -c -fmessage-length=0 -MT"src/i2c_access.o" -I../../test_echo_bsp/microblaze_0/include -mlittle-endian -mno-xl-soft-div -mcpu=v11.0 -mno-xl-soft-mul -mhard-float -mxl-float-convert -mxl-float-sqrt -Wl,--no-relax -ffunction-sections -fdata-sections -MMD -MP -MF"src/i2c_access.d" -MT"src/i2c_access.o" -o "src/i2c_access.o" "../src/i2c_access.c"
Finished building: ../src/i2c_access.c
 
Building file: ../src/iic_phyreset.c
Invoking: MicroBlaze gcc compiler
mb-gcc -Wall -O0 -g3 -c -fmessage-length=0 -MT"src/iic_phyreset.o" -I../../test_echo_bsp/microblaze_0/include -mlittle-endian -mno-xl-soft-div -mcpu=v11.0 -mno-xl-soft-mul -mhard-float -mxl-float-convert -mxl-float-sqrt -Wl,--no-relax -ffunction-sections -fdata-sections -MMD -MP -MF"src/iic_phyreset.d" -MT"src/iic_phyreset.o" -o "src/iic_phyreset.o" "../src/iic_phyreset.c"
Finished building: ../src/iic_phyreset.c
 
Building file: ../src/main.c
Invoking: MicroBlaze gcc compiler
mb-gcc -Wall -O0 -g3 -c -fmessage-length=0 -MT"src/main.o" -I../../test_echo_bsp/microblaze_0/include -mlittle-endian -mno-xl-soft-div -mcpu=v11.0 -mno-xl-soft-mul -mhard-float -mxl-float-convert -mxl-float-sqrt -Wl,--no-relax -ffunction-sections -fdata-sections -MMD -MP -MF"src/main.d" -MT"src/main.o" -o "src/main.o" "../src/main.c"
../src/main.c: In function 'TimerCounterHandler':
../src/main.c:381:11: warning: unused variable 'InstancePtr' [-Wunused-variable]
  XTmrCtr* InstancePtr = (XTmrCtr*)CallBackRef;
           ^~~~~~~~~~~
Finished building: ../src/main.c
 
Building file: ../src/platform.c
Invoking: MicroBlaze gcc compiler
mb-gcc -Wall -O0 -g3 -c -fmessage-length=0 -MT"src/platform.o" -I../../test_echo_bsp/microblaze_0/include -mlittle-endian -mno-xl-soft-div -mcpu=v11.0 -mno-xl-soft-mul -mhard-float -mxl-float-convert -mxl-float-sqrt -Wl,--no-relax -ffunction-sections -fdata-sections -MMD -MP -MF"src/platform.d" -MT"src/platform.o" -o "src/platform.o" "../src/platform.c"
Finished building: ../src/platform.c
 
Building file: ../src/platform_mb.c
Invoking: MicroBlaze gcc compiler
mb-gcc -Wall -O0 -g3 -c -fmessage-length=0 -MT"src/platform_mb.o" -I../../test_echo_bsp/microblaze_0/include -mlittle-endian -mno-xl-soft-div -mcpu=v11.0 -mno-xl-soft-mul -mhard-float -mxl-float-convert -mxl-float-sqrt -Wl,--no-relax -ffunction-sections -fdata-sections -MMD -MP -MF"src/platform_mb.d" -MT"src/platform_mb.o" -o "src/platform_mb.o" "../src/platform_mb.c"
Finished building: ../src/platform_mb.c
 
Building file: ../src/platform_ppc.c
Invoking: MicroBlaze gcc compiler
mb-gcc -Wall -O0 -g3 -c -fmessage-length=0 -MT"src/platform_ppc.o" -I../../test_echo_bsp/microblaze_0/include -mlittle-endian -mno-xl-soft-div -mcpu=v11.0 -mno-xl-soft-mul -mhard-float -mxl-float-convert -mxl-float-sqrt -Wl,--no-relax -ffunction-sections -fdata-sections -MMD -MP -MF"src/platform_ppc.d" -MT"src/platform_ppc.o" -o "src/platform_ppc.o" "../src/platform_ppc.c"
Finished building: ../src/platform_ppc.c
 
Building file: ../src/platform_zynq.c
Invoking: MicroBlaze gcc compiler
mb-gcc -Wall -O0 -g3 -c -fmessage-length=0 -MT"src/platform_zynq.o" -I../../test_echo_bsp/microblaze_0/include -mlittle-endian -mno-xl-soft-div -mcpu=v11.0 -mno-xl-soft-mul -mhard-float -mxl-float-convert -mxl-float-sqrt -Wl,--no-relax -ffunction-sections -fdata-sections -MMD -MP -MF"src/platform_zynq.d" -MT"src/platform_zynq.o" -o "src/platform_zynq.o" "../src/platform_zynq.c"
Finished building: ../src/platform_zynq.c
 
Building file: ../src/platform_zynqmp.c
Invoking: MicroBlaze gcc compiler
mb-gcc -Wall -O0 -g3 -c -fmessage-length=0 -MT"src/platform_zynqmp.o" -I../../test_echo_bsp/microblaze_0/include -mlittle-endian -mno-xl-soft-div -mcpu=v11.0 -mno-xl-soft-mul -mhard-float -mxl-float-convert -mxl-float-sqrt -Wl,--no-relax -ffunction-sections -fdata-sections -MMD -MP -MF"src/platform_zynqmp.d" -MT"src/platform_zynqmp.o" -o "src/platform_zynqmp.o" "../src/platform_zynqmp.c"
Finished building: ../src/platform_zynqmp.c
 
Building file: ../src/sensor_fusion.c
Invoking: MicroBlaze gcc compiler
mb-gcc -Wall -O0 -g3 -c -fmessage-length=0 -MT"src/sensor_fusion.o" -I../../test_echo_bsp/microblaze_0/include -mlittle-endian -mno-xl-soft-div -mcpu=v11.0 -mno-xl-soft-mul -mhard-float -mxl-float-convert -mxl-float-sqrt -Wl,--no-relax -ffunction-sections -fdata-sections -MMD -MP -MF"src/sensor_fusion.d" -MT"src/sensor_fusion.o" -o "src/sensor_fusion.o" "../src/sensor_fusion.c"
Finished building: ../src/sensor_fusion.c
 
Building file: ../src/sfp.c
Invoking: MicroBlaze gcc compiler
mb-gcc -Wall -O0 -g3 -c -fmessage-length=0 -MT"src/sfp.o" -I../../test_echo_bsp/microblaze_0/include -mlittle-endian -mno-xl-soft-div -mcpu=v11.0 -mno-xl-soft-mul -mhard-float -mxl-float-convert -mxl-float-sqrt -Wl,--no-relax -ffunction-sections -fdata-sections -MMD -MP -MF"src/sfp.d" -MT"src/sfp.o" -o "src/sfp.o" "../src/sfp.c"
Finished building: ../src/sfp.c
 
Building file: ../src/si5324.c
Invoking: MicroBlaze gcc compiler
mb-gcc -Wall -O0 -g3 -c -fmessage-length=0 -MT"src/si5324.o" -I../../test_echo_bsp/microblaze_0/include -mlittle-endian -mno-xl-soft-div -mcpu=v11.0 -mno-xl-soft-mul -mhard-float -mxl-float-convert -mxl-float-sqrt -Wl,--no-relax -ffunction-sections -fdata-sections -MMD -MP -MF"src/si5324.d" -MT"src/si5324.o" -o "src/si5324.o" "../src/si5324.c"
Finished building: ../src/si5324.c
 
Building target: test_echo.elf
Invoking: MicroBlaze gcc linker
mb-gcc -Wl,-T -Wl,../src/lscript.ld -L../../test_echo_bsp/microblaze_0/lib -mlittle-endian -mno-xl-soft-div -mcpu=v11.0 -mno-xl-soft-mul -mhard-float -mxl-float-convert -mxl-float-sqrt -Wl,--no-relax -Wl,--gc-sections -o "test_echo.elf"  ./src/circular_buffer.o ./src/echo.o ./src/i2c_access.o ./src/iic_phyreset.o ./src/main.o ./src/platform.o ./src/platform_mb.o ./src/platform_ppc.o ./src/platform_zynq.o ./src/platform_zynqmp.o ./src/sensor_fusion.o ./src/sfp.o ./src/si5324.o   -Wl,--start-group,-lxil,-lgcc,-lc,--end-group -Wl,--start-group,-lxil,-llwip4,-lgcc,-lc,--end-group
Finished building target: test_echo.elf
 
Invoking: MicroBlaze Print Size
mb-size test_echo.elf  |tee "test_echo.elf.size"
   text	   data	    bss	    dec	    hex	filename
 115176	   1560	  82368	 199104	  309c0	test_echo.elf
Finished building: test_echo.elf.size
 
00:08:34 **** Incremental Build of configuration Debug for project test_echo ****
make all 
make: Nothing to be done for 'all'.
00:09:51 **** Incremental Build of configuration Debug for project test_echo ****
make all 
make: Nothing to be done for 'all'.
00:11:06 **** Auto Build of configuration Debug for project test_echo ****
make all 
Building file: ../src/main.c
Invoking: MicroBlaze gcc compiler
mb-gcc -Wall -O0 -g3 -c -fmessage-length=0 -MT"src/main.o" -I../../test_echo_bsp/microblaze_0/include -mlittle-endian -mno-xl-soft-div -mcpu=v11.0 -mno-xl-soft-mul -mhard-float -mxl-float-convert -mxl-float-sqrt -Wl,--no-relax -ffunction-sections -fdata-sections -MMD -MP -MF"src/main.d" -MT"src/main.o" -o "src/main.o" "../src/main.c"
../src/main.c: In function 'TimerCounterHandler':
../src/main.c:381:11: warning: unused variable 'InstancePtr' [-Wunused-variable]
  XTmrCtr* InstancePtr = (XTmrCtr*)CallBackRef;
           ^~~~~~~~~~~
Finished building: ../src/main.c
 
Building target: test_echo.elf
Invoking: MicroBlaze gcc linker
mb-gcc -Wl,-T -Wl,../src/lscript.ld -L../../test_echo_bsp/microblaze_0/lib -mlittle-endian -mno-xl-soft-div -mcpu=v11.0 -mno-xl-soft-mul -mhard-float -mxl-float-convert -mxl-float-sqrt -Wl,--no-relax -Wl,--gc-sections -o "test_echo.elf"  ./src/circular_buffer.o ./src/echo.o ./src/i2c_access.o ./src/iic_phyreset.o ./src/main.o ./src/platform.o ./src/platform_mb.o ./src/platform_ppc.o ./src/platform_zynq.o ./src/platform_zynqmp.o ./src/sensor_fusion.o ./src/sfp.o ./src/si5324.o   -Wl,--start-group,-lxil,-lgcc,-lc,--end-group -Wl,--start-group,-lxil,-llwip4,-lgcc,-lc,--end-group
Finished building target: test_echo.elf
 
Invoking: MicroBlaze Print Size
mb-size test_echo.elf  |tee "test_echo.elf.size"
   text	   data	    bss	    dec	    hex	filename
 115224	   1560	  82368	 199152	  309f0	test_echo.elf
Finished building: test_echo.elf.size
 
00:11:11 **** Incremental Build of configuration Debug for project test_echo ****
make all 
make: Nothing to be done for 'all'.
00:11:24 **** Auto Build of configuration Debug for project test_echo ****
make all 
Building file: ../src/main.c
Invoking: MicroBlaze gcc compiler
mb-gcc -Wall -O0 -g3 -c -fmessage-length=0 -MT"src/main.o" -I../../test_echo_bsp/microblaze_0/include -mlittle-endian -mno-xl-soft-div -mcpu=v11.0 -mno-xl-soft-mul -mhard-float -mxl-float-convert -mxl-float-sqrt -Wl,--no-relax -ffunction-sections -fdata-sections -MMD -MP -MF"src/main.d" -MT"src/main.o" -o "src/main.o" "../src/main.c"
../src/main.c: In function 'TimerCounterHandler':
../src/main.c:381:11: warning: unused variable 'InstancePtr' [-Wunused-variable]
  XTmrCtr* InstancePtr = (XTmrCtr*)CallBackRef;
           ^~~~~~~~~~~
Finished building: ../src/main.c
 
Building target: test_echo.elf
Invoking: MicroBlaze gcc linker
mb-gcc -Wl,-T -Wl,../src/lscript.ld -L../../test_echo_bsp/microblaze_0/lib -mlittle-endian -mno-xl-soft-div -mcpu=v11.0 -mno-xl-soft-mul -mhard-float -mxl-float-convert -mxl-float-sqrt -Wl,--no-relax -Wl,--gc-sections -o "test_echo.elf"  ./src/circular_buffer.o ./src/echo.o ./src/i2c_access.o ./src/iic_phyreset.o ./src/main.o ./src/platform.o ./src/platform_mb.o ./src/platform_ppc.o ./src/platform_zynq.o ./src/platform_zynqmp.o ./src/sensor_fusion.o ./src/sfp.o ./src/si5324.o   -Wl,--start-group,-lxil,-lgcc,-lc,--end-group -Wl,--start-group,-lxil,-llwip4,-lgcc,-lc,--end-group
Finished building target: test_echo.elf
 
Invoking: MicroBlaze Print Size
mb-size test_echo.elf  |tee "test_echo.elf.size"
   text	   data	    bss	    dec	    hex	filename
 115176	   1560	  82368	 199104	  309c0	test_echo.elf
Finished building: test_echo.elf.size
 
00:11:31 **** Incremental Build of configuration Debug for project test_echo ****
make all 
make: Nothing to be done for 'all'.
00:39:29 **** Auto Build of configuration Debug for project test_echo ****
make all 
Building file: ../src/main.c
Invoking: MicroBlaze gcc compiler
mb-gcc -Wall -O0 -g3 -c -fmessage-length=0 -MT"src/main.o" -I../../test_echo_bsp/microblaze_0/include -mlittle-endian -mno-xl-soft-div -mcpu=v11.0 -mno-xl-soft-mul -mhard-float -mxl-float-convert -mxl-float-sqrt -Wl,--no-relax -ffunction-sections -fdata-sections -MMD -MP -MF"src/main.d" -MT"src/main.o" -o "src/main.o" "../src/main.c"
../src/main.c: In function 'TimerCounterHandler':
../src/main.c:380:11: warning: unused variable 'InstancePtr' [-Wunused-variable]
  XTmrCtr* InstancePtr = (XTmrCtr*)CallBackRef;
           ^~~~~~~~~~~
Finished building: ../src/main.c
 
Building target: test_echo.elf
Invoking: MicroBlaze gcc linker
mb-gcc -Wl,-T -Wl,../src/lscript.ld -L../../test_echo_bsp/microblaze_0/lib -mlittle-endian -mno-xl-soft-div -mcpu=v11.0 -mno-xl-soft-mul -mhard-float -mxl-float-convert -mxl-float-sqrt -Wl,--no-relax -Wl,--gc-sections -o "test_echo.elf"  ./src/circular_buffer.o ./src/echo.o ./src/i2c_access.o ./src/iic_phyreset.o ./src/main.o ./src/platform.o ./src/platform_mb.o ./src/platform_ppc.o ./src/platform_zynq.o ./src/platform_zynqmp.o ./src/sensor_fusion.o ./src/sfp.o ./src/si5324.o   -Wl,--start-group,-lxil,-lgcc,-lc,--end-group -Wl,--start-group,-lxil,-llwip4,-lgcc,-lc,--end-group
Finished building target: test_echo.elf
 
Invoking: MicroBlaze Print Size
mb-size test_echo.elf  |tee "test_echo.elf.size"
   text	   data	    bss	    dec	    hex	filename
 115176	   1560	  82368	 199104	  309c0	test_echo.elf
Finished building: test_echo.elf.size
 
00:42:20 **** Auto Build of configuration Debug for project test_echo ****
make all 
Building file: ../src/main.c
Invoking: MicroBlaze gcc compiler
mb-gcc -Wall -O0 -g3 -c -fmessage-length=0 -MT"src/main.o" -I../../test_echo_bsp/microblaze_0/include -mlittle-endian -mno-xl-soft-div -mcpu=v11.0 -mno-xl-soft-mul -mhard-float -mxl-float-convert -mxl-float-sqrt -Wl,--no-relax -ffunction-sections -fdata-sections -MMD -MP -MF"src/main.d" -MT"src/main.o" -o "src/main.o" "../src/main.c"
../src/main.c: In function 'TimerCounterHandler':
../src/main.c:380:11: warning: unused variable 'InstancePtr' [-Wunused-variable]
  XTmrCtr* InstancePtr = (XTmrCtr*)CallBackRef;
           ^~~~~~~~~~~
Finished building: ../src/main.c
 
Building target: test_echo.elf
Invoking: MicroBlaze gcc linker
mb-gcc -Wl,-T -Wl,../src/lscript.ld -L../../test_echo_bsp/microblaze_0/lib -mlittle-endian -mno-xl-soft-div -mcpu=v11.0 -mno-xl-soft-mul -mhard-float -mxl-float-convert -mxl-float-sqrt -Wl,--no-relax -Wl,--gc-sections -o "test_echo.elf"  ./src/circular_buffer.o ./src/echo.o ./src/i2c_access.o ./src/iic_phyreset.o ./src/main.o ./src/platform.o ./src/platform_mb.o ./src/platform_ppc.o ./src/platform_zynq.o ./src/platform_zynqmp.o ./src/sensor_fusion.o ./src/sfp.o ./src/si5324.o   -Wl,--start-group,-lxil,-lgcc,-lc,--end-group -Wl,--start-group,-lxil,-llwip4,-lgcc,-lc,--end-group
Finished building target: test_echo.elf
 
Invoking: MicroBlaze Print Size
mb-size test_echo.elf  |tee "test_echo.elf.size"
   text	   data	    bss	    dec	    hex	filename
 115176	   1560	  82368	 199104	  309c0	test_echo.elf
Finished building: test_echo.elf.size
 
00:43:22 **** Incremental Build of configuration Debug for project test_echo ****
make all 
make: Nothing to be done for 'all'.
00:44:44 **** Auto Build of configuration Debug for project test_echo ****
make all 
Building file: ../src/main.c
Invoking: MicroBlaze gcc compiler
mb-gcc -Wall -O0 -g3 -c -fmessage-length=0 -MT"src/main.o" -I../../test_echo_bsp/microblaze_0/include -mlittle-endian -mno-xl-soft-div -mcpu=v11.0 -mno-xl-soft-mul -mhard-float -mxl-float-convert -mxl-float-sqrt -Wl,--no-relax -ffunction-sections -fdata-sections -MMD -MP -MF"src/main.d" -MT"src/main.o" -o "src/main.o" "../src/main.c"
../src/main.c: In function 'TimerCounterHandler':
../src/main.c:380:11: warning: unused variable 'InstancePtr' [-Wunused-variable]
  XTmrCtr* InstancePtr = (XTmrCtr*)CallBackRef;
           ^~~~~~~~~~~
Finished building: ../src/main.c
 
Building target: test_echo.elf
Invoking: MicroBlaze gcc linker
mb-gcc -Wl,-T -Wl,../src/lscript.ld -L../../test_echo_bsp/microblaze_0/lib -mlittle-endian -mno-xl-soft-div -mcpu=v11.0 -mno-xl-soft-mul -mhard-float -mxl-float-convert -mxl-float-sqrt -Wl,--no-relax -Wl,--gc-sections -o "test_echo.elf"  ./src/circular_buffer.o ./src/echo.o ./src/i2c_access.o ./src/iic_phyreset.o ./src/main.o ./src/platform.o ./src/platform_mb.o ./src/platform_ppc.o ./src/platform_zynq.o ./src/platform_zynqmp.o ./src/sensor_fusion.o ./src/sfp.o ./src/si5324.o   -Wl,--start-group,-lxil,-lgcc,-lc,--end-group -Wl,--start-group,-lxil,-llwip4,-lgcc,-lc,--end-group
Finished building target: test_echo.elf
 
Invoking: MicroBlaze Print Size
mb-size test_echo.elf  |tee "test_echo.elf.size"
   text	   data	    bss	    dec	    hex	filename
 115180	   1560	  82372	 199112	  309c8	test_echo.elf
Finished building: test_echo.elf.size
 
00:45:04 **** Auto Build of configuration Debug for project test_echo ****
make all 
Building file: ../src/main.c
Invoking: MicroBlaze gcc compiler
mb-gcc -Wall -O0 -g3 -c -fmessage-length=0 -MT"src/main.o" -I../../test_echo_bsp/microblaze_0/include -mlittle-endian -mno-xl-soft-div -mcpu=v11.0 -mno-xl-soft-mul -mhard-float -mxl-float-convert -mxl-float-sqrt -Wl,--no-relax -ffunction-sections -fdata-sections -MMD -MP -MF"src/main.d" -MT"src/main.o" -o "src/main.o" "../src/main.c"
../src/main.c: In function 'TimerCounterHandler':
../src/main.c:380:11: warning: unused variable 'InstancePtr' [-Wunused-variable]
  XTmrCtr* InstancePtr = (XTmrCtr*)CallBackRef;
           ^~~~~~~~~~~
Finished building: ../src/main.c
 
Building target: test_echo.elf
Invoking: MicroBlaze gcc linker
mb-gcc -Wl,-T -Wl,../src/lscript.ld -L../../test_echo_bsp/microblaze_0/lib -mlittle-endian -mno-xl-soft-div -mcpu=v11.0 -mno-xl-soft-mul -mhard-float -mxl-float-convert -mxl-float-sqrt -Wl,--no-relax -Wl,--gc-sections -o "test_echo.elf"  ./src/circular_buffer.o ./src/echo.o ./src/i2c_access.o ./src/iic_phyreset.o ./src/main.o ./src/platform.o ./src/platform_mb.o ./src/platform_ppc.o ./src/platform_zynq.o ./src/platform_zynqmp.o ./src/sensor_fusion.o ./src/sfp.o ./src/si5324.o   -Wl,--start-group,-lxil,-lgcc,-lc,--end-group -Wl,--start-group,-lxil,-llwip4,-lgcc,-lc,--end-group
Finished building target: test_echo.elf
 
Invoking: MicroBlaze Print Size
mb-size test_echo.elf  |tee "test_echo.elf.size"
   text	   data	    bss	    dec	    hex	filename
 115176	   1560	  82368	 199104	  309c0	test_echo.elf
Finished building: test_echo.elf.size
 
00:45:29 **** Incremental Build of configuration Debug for project test_echo ****
make all 
make: Nothing to be done for 'all'.
01:17:30 **** Auto Build of configuration Debug for project test_echo ****
make all 
Building file: ../src/main.c
Invoking: MicroBlaze gcc compiler
mb-gcc -Wall -O0 -g3 -c -fmessage-length=0 -MT"src/main.o" -I../../test_echo_bsp/microblaze_0/include -mlittle-endian -mno-xl-soft-div -mcpu=v11.0 -mno-xl-soft-mul -mhard-float -mxl-float-convert -mxl-float-sqrt -Wl,--no-relax -ffunction-sections -fdata-sections -MMD -MP -MF"src/main.d" -MT"src/main.o" -o "src/main.o" "../src/main.c"
../src/main.c: In function 'TimerCounterHandler':
../src/main.c:380:11: warning: unused variable 'InstancePtr' [-Wunused-variable]
  XTmrCtr* InstancePtr = (XTmrCtr*)CallBackRef;
           ^~~~~~~~~~~
Finished building: ../src/main.c
 
Building target: test_echo.elf
Invoking: MicroBlaze gcc linker
mb-gcc -Wl,-T -Wl,../src/lscript.ld -L../../test_echo_bsp/microblaze_0/lib -mlittle-endian -mno-xl-soft-div -mcpu=v11.0 -mno-xl-soft-mul -mhard-float -mxl-float-convert -mxl-float-sqrt -Wl,--no-relax -Wl,--gc-sections -o "test_echo.elf"  ./src/circular_buffer.o ./src/echo.o ./src/i2c_access.o ./src/iic_phyreset.o ./src/main.o ./src/platform.o ./src/platform_mb.o ./src/platform_ppc.o ./src/platform_zynq.o ./src/platform_zynqmp.o ./src/sensor_fusion.o ./src/sfp.o ./src/si5324.o   -Wl,--start-group,-lxil,-lgcc,-lc,--end-group -Wl,--start-group,-lxil,-llwip4,-lgcc,-lc,--end-group
Finished building target: test_echo.elf
 
Invoking: MicroBlaze Print Size
mb-size test_echo.elf  |tee "test_echo.elf.size"
   text	   data	    bss	    dec	    hex	filename
 115188	   1560	  82372	 199120	  309d0	test_echo.elf
Finished building: test_echo.elf.size
 
20:06:13 **** Build of project test_echo_bsp ****
make -k all 
"Running Make include in microblaze_0/libsrc/bram_v4_2/src"
C:/Xilinx2/SDK/2018.3/gnuwin/bin/make -C microblaze_0/libsrc/bram_v4_2/src -s include  "SHELL=CMD" "COMPILER=mb-gcc" "ARCHIVER=mb-ar" "COMPILER_FLAGS=  -O2 -c -mcpu=v11.0 -mhard-float -mlittle-endian -mno-xl-soft-div -mno-xl-soft-mul -mxl-float-convert -mxl-float-sqrt" "EXTRA_COMPILER_FLAGS=-ffunction-sections -fdata-sections -Wall -Wextra"
"Running Make include in microblaze_0/libsrc/cpu_v2_8/src"
C:/Xilinx2/SDK/2018.3/gnuwin/bin/make -C microblaze_0/libsrc/cpu_v2_8/src -s include  "SHELL=CMD" "COMPILER=mb-gcc" "ARCHIVER=mb-ar" "COMPILER_FLAGS=  -O2 -c -mcpu=v11.0 -mhard-float -mlittle-endian -mno-xl-soft-div -mno-xl-soft-mul -mxl-float-convert -mxl-float-sqrt" "EXTRA_COMPILER_FLAGS=-ffunction-sections -fdata-sections -Wall -Wextra"
"Running Make include in microblaze_0/libsrc/emaclite_v4_3/src"
C:/Xilinx2/SDK/2018.3/gnuwin/bin/make -C microblaze_0/libsrc/emaclite_v4_3/src -s include  "SHELL=CMD" "COMPILER=mb-gcc" "ARCHIVER=mb-ar" "COMPILER_FLAGS=  -O2 -c -mcpu=v11.0 -mhard-float -mlittle-endian -mno-xl-soft-div -mno-xl-soft-mul -mxl-float-convert -mxl-float-sqrt" "EXTRA_COMPILER_FLAGS=-ffunction-sections -fdata-sections -Wall -Wextra"
"Running Make include in microblaze_0/libsrc/intc_v3_8/src"
C:/Xilinx2/SDK/2018.3/gnuwin/bin/make -C microblaze_0/libsrc/intc_v3_8/src -s include  "SHELL=CMD" "COMPILER=mb-gcc" "ARCHIVER=mb-ar" "COMPILER_FLAGS=  -O2 -c -mcpu=v11.0 -mhard-float -mlittle-endian -mno-xl-soft-div -mno-xl-soft-mul -mxl-float-convert -mxl-float-sqrt" "EXTRA_COMPILER_FLAGS=-ffunction-sections -fdata-sections -Wall -Wextra"
"Running Make include in microblaze_0/libsrc/lwip202_v1_2/src"
C:/Xilinx2/SDK/2018.3/gnuwin/bin/make -C microblaze_0/libsrc/lwip202_v1_2/src -s include  "SHELL=CMD" "COMPILER=mb-gcc" "ARCHIVER=mb-ar" "COMPILER_FLAGS=  -O2 -c -mcpu=v11.0 -mhard-float -mlittle-endian -mno-xl-soft-div -mno-xl-soft-mul -mxl-float-convert -mxl-float-sqrt" "EXTRA_COMPILER_FLAGS=-ffunction-sections -fdata-sections -Wall -Wextra"
"Running Make include in microblaze_0/libsrc/PmodAD2_v1_0/src"
C:/Xilinx2/SDK/2018.3/gnuwin/bin/make -C microblaze_0/libsrc/PmodAD2_v1_0/src -s include  "SHELL=CMD" "COMPILER=mb-gcc" "ARCHIVER=mb-ar" "COMPILER_FLAGS=  -O2 -c -mcpu=v11.0 -mhard-float -mlittle-endian -mno-xl-soft-div -mno-xl-soft-mul -mxl-float-convert -mxl-float-sqrt" "EXTRA_COMPILER_FLAGS=-ffunction-sections -fdata-sections -Wall -Wextra"
"Running Make include in microblaze_0/libsrc/PmodGPIO_v1_0/src"
C:/Xilinx2/SDK/2018.3/gnuwin/bin/make -C microblaze_0/libsrc/PmodGPIO_v1_0/src -s include  "SHELL=CMD" "COMPILER=mb-gcc" "ARCHIVER=mb-ar" "COMPILER_FLAGS=  -O2 -c -mcpu=v11.0 -mhard-float -mlittle-endian -mno-xl-soft-div -mno-xl-soft-mul -mxl-float-convert -mxl-float-sqrt" "EXTRA_COMPILER_FLAGS=-ffunction-sections -fdata-sections -Wall -Wextra"
"Running Make include in microblaze_0/libsrc/standalone_v6_8/src"
C:/Xilinx2/SDK/2018.3/gnuwin/bin/make -C microblaze_0/libsrc/standalone_v6_8/src -s include  "SHELL=CMD" "COMPILER=mb-gcc" "ARCHIVER=mb-ar" "COMPILER_FLAGS=  -O2 -c -mcpu=v11.0 -mhard-float -mlittle-endian -mno-xl-soft-div -mno-xl-soft-mul -mxl-float-convert -mxl-float-sqrt" "EXTRA_COMPILER_FLAGS=-ffunction-sections -fdata-sections -Wall -Wextra"
"Running Make include in microblaze_0/libsrc/tmrctr_v4_5/src"
C:/Xilinx2/SDK/2018.3/gnuwin/bin/make -C microblaze_0/libsrc/tmrctr_v4_5/src -s include  "SHELL=CMD" "COMPILER=mb-gcc" "ARCHIVER=mb-ar" "COMPILER_FLAGS=  -O2 -c -mcpu=v11.0 -mhard-float -mlittle-endian -mno-xl-soft-div -mno-xl-soft-mul -mxl-float-convert -mxl-float-sqrt" "EXTRA_COMPILER_FLAGS=-ffunction-sections -fdata-sections -Wall -Wextra"
"Running Make include in microblaze_0/libsrc/uartlite_v3_2/src"
C:/Xilinx2/SDK/2018.3/gnuwin/bin/make -C microblaze_0/libsrc/uartlite_v3_2/src -s include  "SHELL=CMD" "COMPILER=mb-gcc" "ARCHIVER=mb-ar" "COMPILER_FLAGS=  -O2 -c -mcpu=v11.0 -mhard-float -mlittle-endian -mno-xl-soft-div -mno-xl-soft-mul -mxl-float-convert -mxl-float-sqrt" "EXTRA_COMPILER_FLAGS=-ffunction-sections -fdata-sections -Wall -Wextra"
"Running Make libs in microblaze_0/libsrc/bram_v4_2/src"
C:/Xilinx2/SDK/2018.3/gnuwin/bin/make -C microblaze_0/libsrc/bram_v4_2/src -s libs  "SHELL=CMD" "COMPILER=mb-gcc" "ARCHIVER=mb-ar" "COMPILER_FLAGS=  -O2 -c -mcpu=v11.0 -mhard-float -mlittle-endian -mno-xl-soft-div -mno-xl-soft-mul -mxl-float-convert -mxl-float-sqrt" "EXTRA_COMPILER_FLAGS=-ffunction-sections -fdata-sections -Wall -Wextra"
"Compiling bram"
"Running Make libs in microblaze_0/libsrc/cpu_v2_8/src"
C:/Xilinx2/SDK/2018.3/gnuwin/bin/make -C microblaze_0/libsrc/cpu_v2_8/src -s libs  "SHELL=CMD" "COMPILER=mb-gcc" "ARCHIVER=mb-ar" "COMPILER_FLAGS=  -O2 -c -mcpu=v11.0 -mhard-float -mlittle-endian -mno-xl-soft-div -mno-xl-soft-mul -mxl-float-convert -mxl-float-sqrt" "EXTRA_COMPILER_FLAGS=-ffunction-sections -fdata-sections -Wall -Wextra"
"Compiling cpu"
"Running Make libs in microblaze_0/libsrc/emaclite_v4_3/src"
C:/Xilinx2/SDK/2018.3/gnuwin/bin/make -C microblaze_0/libsrc/emaclite_v4_3/src -s libs  "SHELL=CMD" "COMPILER=mb-gcc" "ARCHIVER=mb-ar" "COMPILER_FLAGS=  -O2 -c -mcpu=v11.0 -mhard-float -mlittle-endian -mno-xl-soft-div -mno-xl-soft-mul -mxl-float-convert -mxl-float-sqrt" "EXTRA_COMPILER_FLAGS=-ffunction-sections -fdata-sections -Wall -Wextra"
"Compiling emaclite"
"Running Make libs in microblaze_0/libsrc/intc_v3_8/src"
C:/Xilinx2/SDK/2018.3/gnuwin/bin/make -C microblaze_0/libsrc/intc_v3_8/src -s libs  "SHELL=CMD" "COMPILER=mb-gcc" "ARCHIVER=mb-ar" "COMPILER_FLAGS=  -O2 -c -mcpu=v11.0 -mhard-float -mlittle-endian -mno-xl-soft-div -mno-xl-soft-mul -mxl-float-convert -mxl-float-sqrt" "EXTRA_COMPILER_FLAGS=-ffunction-sections -fdata-sections -Wall -Wextra"
"Compiling intc"
"Running Make libs in microblaze_0/libsrc/lwip202_v1_2/src"
C:/Xilinx2/SDK/2018.3/gnuwin/bin/make -C microblaze_0/libsrc/lwip202_v1_2/src -s libs  "SHELL=CMD" "COMPILER=mb-gcc" "ARCHIVER=mb-ar" "COMPILER_FLAGS=  -O2 -c -mcpu=v11.0 -mhard-float -mlittle-endian -mno-xl-soft-div -mno-xl-soft-mul -mxl-float-convert -mxl-float-sqrt" "EXTRA_COMPILER_FLAGS=-ffunction-sections -fdata-sections -Wall -Wextra"
"Compiling lwip src and adapter files"
"Running Make libs in microblaze_0/libsrc/PmodAD2_v1_0/src"
C:/Xilinx2/SDK/2018.3/gnuwin/bin/make -C microblaze_0/libsrc/PmodAD2_v1_0/src -s libs  "SHELL=CMD" "COMPILER=mb-gcc" "ARCHIVER=mb-ar" "COMPILER_FLAGS=  -O2 -c -mcpu=v11.0 -mhard-float -mlittle-endian -mno-xl-soft-div -mno-xl-soft-mul -mxl-float-convert -mxl-float-sqrt" "EXTRA_COMPILER_FLAGS=-ffunction-sections -fdata-sections -Wall -Wextra"
"Compiling PmodAD2..."
In file included from xiic.h:311:0,
                 from PmodAD2.h:23,
                 from PmodAD2.c:21:
PmodAD2.c: In function 'AD2_IICInit':
xiic_l.h:300:13: warning: passing argument 1 of 'Xil_Out32' makes integer from pointer without a cast [-Wint-conversion]
  XIic_Out32((BaseAddress) + (RegOffset), (RegisterValue))
             ^
xiic_l.h:317:2: note: in expansion of macro 'XIic_WriteReg'
  XIic_WriteReg((BaseAddress), XIIC_DGIER_OFFSET, 0)
  ^~~~~~~~~~~~~
PmodAD2.c:80:4: note: in expansion of macro 'XIic_IntrGlobalDisable'
    XIic_IntrGlobalDisable(IicInstancePtr);
    ^~~~~~~~~~~~~~~~~~~~~~
In file included from xiic_l.h:98:0,
                 from xiic.h:311,
                 from PmodAD2.h:23,
                 from PmodAD2.c:21:
../../../include/xil_io.h:219:20: note: expected 'UINTPTR {aka unsigned int}' but argument is of type 'XIic * {aka struct <anonymous> *}'
 static INLINE void Xil_Out32(UINTPTR Addr, u32 Value)
                    ^~~~~~~~~
"Running Make libs in microblaze_0/libsrc/PmodGPIO_v1_0/src"
C:/Xilinx2/SDK/2018.3/gnuwin/bin/make -C microblaze_0/libsrc/PmodGPIO_v1_0/src -s libs  "SHELL=CMD" "COMPILER=mb-gcc" "ARCHIVER=mb-ar" "COMPILER_FLAGS=  -O2 -c -mcpu=v11.0 -mhard-float -mlittle-endian -mno-xl-soft-div -mno-xl-soft-mul -mxl-float-convert -mxl-float-sqrt" "EXTRA_COMPILER_FLAGS=-ffunction-sections -fdata-sections -Wall -Wextra"
"Compiling PmodGPIO..."
"Running Make libs in microblaze_0/libsrc/standalone_v6_8/src"
C:/Xilinx2/SDK/2018.3/gnuwin/bin/make -C microblaze_0/libsrc/standalone_v6_8/src -s libs  "SHELL=CMD" "COMPILER=mb-gcc" "ARCHIVER=mb-ar" "COMPILER_FLAGS=  -O2 -c -mcpu=v11.0 -mhard-float -mlittle-endian -mno-xl-soft-div -mno-xl-soft-mul -mxl-float-convert -mxl-float-sqrt" "EXTRA_COMPILER_FLAGS=-ffunction-sections -fdata-sections -Wall -Wextra"
"Compiling standalone";
microblaze_sleep.c:77:9: note: #pragma message: For the sleep routines, assembly instructions are used
 #pragma message ("For the sleep routines, assembly instructions are used")
         ^~~~~~~
"Running Make libs in microblaze_0/libsrc/tmrctr_v4_5/src"
C:/Xilinx2/SDK/2018.3/gnuwin/bin/make -C microblaze_0/libsrc/tmrctr_v4_5/src -s libs  "SHELL=CMD" "COMPILER=mb-gcc" "ARCHIVER=mb-ar" "COMPILER_FLAGS=  -O2 -c -mcpu=v11.0 -mhard-float -mlittle-endian -mno-xl-soft-div -mno-xl-soft-mul -mxl-float-convert -mxl-float-sqrt" "EXTRA_COMPILER_FLAGS=-ffunction-sections -fdata-sections -Wall -Wextra"
"Compiling tmrctr"
"Running Make libs in microblaze_0/libsrc/uartlite_v3_2/src"
C:/Xilinx2/SDK/2018.3/gnuwin/bin/make -C microblaze_0/libsrc/uartlite_v3_2/src -s libs  "SHELL=CMD" "COMPILER=mb-gcc" "ARCHIVER=mb-ar" "COMPILER_FLAGS=  -O2 -c -mcpu=v11.0 -mhard-float -mlittle-endian -mno-xl-soft-div -mno-xl-soft-mul -mxl-float-convert -mxl-float-sqrt" "EXTRA_COMPILER_FLAGS=-ffunction-sections -fdata-sections -Wall -Wextra"
"Compiling uartlite"
'Finished building libraries'
20:06:36 **** Build of configuration Debug for project test_echo ****
make all 
Building file: ../src/echo.c
Invoking: MicroBlaze gcc compiler
mb-gcc -Wall -O0 -g3 -c -fmessage-length=0 -MT"src/echo.o" -I../../test_echo_bsp/microblaze_0/include -mlittle-endian -mno-xl-soft-div -mcpu=v11.0 -mno-xl-soft-mul -mhard-float -mxl-float-convert -mxl-float-sqrt -Wl,--no-relax -ffunction-sections -fdata-sections -MMD -MP -MF"src/echo.d" -MT"src/echo.o" -o "src/echo.o" "../src/echo.c"
Finished building: ../src/echo.c
 
Building file: ../src/main.c
Invoking: MicroBlaze gcc compiler
mb-gcc -Wall -O0 -g3 -c -fmessage-length=0 -MT"src/main.o" -I../../test_echo_bsp/microblaze_0/include -mlittle-endian -mno-xl-soft-div -mcpu=v11.0 -mno-xl-soft-mul -mhard-float -mxl-float-convert -mxl-float-sqrt -Wl,--no-relax -ffunction-sections -fdata-sections -MMD -MP -MF"src/main.d" -MT"src/main.o" -o "src/main.o" "../src/main.c"
../src/main.c: In function 'TimerCounterHandler':
../src/main.c:380:11: warning: unused variable 'InstancePtr' [-Wunused-variable]
  XTmrCtr* InstancePtr = (XTmrCtr*)CallBackRef;
           ^~~~~~~~~~~
Finished building: ../src/main.c
 
Building file: ../src/platform.c
Invoking: MicroBlaze gcc compiler
mb-gcc -Wall -O0 -g3 -c -fmessage-length=0 -MT"src/platform.o" -I../../test_echo_bsp/microblaze_0/include -mlittle-endian -mno-xl-soft-div -mcpu=v11.0 -mno-xl-soft-mul -mhard-float -mxl-float-convert -mxl-float-sqrt -Wl,--no-relax -ffunction-sections -fdata-sections -MMD -MP -MF"src/platform.d" -MT"src/platform.o" -o "src/platform.o" "../src/platform.c"
Finished building: ../src/platform.c
 
Building file: ../src/platform_mb.c
Invoking: MicroBlaze gcc compiler
mb-gcc -Wall -O0 -g3 -c -fmessage-length=0 -MT"src/platform_mb.o" -I../../test_echo_bsp/microblaze_0/include -mlittle-endian -mno-xl-soft-div -mcpu=v11.0 -mno-xl-soft-mul -mhard-float -mxl-float-convert -mxl-float-sqrt -Wl,--no-relax -ffunction-sections -fdata-sections -MMD -MP -MF"src/platform_mb.d" -MT"src/platform_mb.o" -o "src/platform_mb.o" "../src/platform_mb.c"
Finished building: ../src/platform_mb.c
 
Building target: test_echo.elf
Invoking: MicroBlaze gcc linker
mb-gcc -Wl,-T -Wl,../src/lscript.ld -L../../test_echo_bsp/microblaze_0/lib -mlittle-endian -mno-xl-soft-div -mcpu=v11.0 -mno-xl-soft-mul -mhard-float -mxl-float-convert -mxl-float-sqrt -Wl,--no-relax -Wl,--gc-sections -o "test_echo.elf"  ./src/circular_buffer.o ./src/echo.o ./src/i2c_access.o ./src/iic_phyreset.o ./src/main.o ./src/platform.o ./src/platform_mb.o ./src/platform_ppc.o ./src/platform_zynq.o ./src/platform_zynqmp.o ./src/sensor_fusion.o ./src/sfp.o ./src/si5324.o   -Wl,--start-group,-lxil,-lgcc,-lc,--end-group -Wl,--start-group,-lxil,-llwip4,-lgcc,-lc,--end-group
Finished building target: test_echo.elf
 
Invoking: MicroBlaze Print Size
mb-size test_echo.elf  |tee "test_echo.elf.size"
   text	   data	    bss	    dec	    hex	filename
 115188	   1560	  82372	 199120	  309d0	test_echo.elf
Finished building: test_echo.elf.size
 
20:07:04 **** Incremental Build of configuration Debug for project test_echo ****
make all 
make: Nothing to be done for 'all'.
20:07:25 **** Incremental Build of configuration Debug for project test_echo ****
make all 
make: Nothing to be done for 'all'.
20:08:21 **** Incremental Build of configuration Debug for project test_echo ****
make all 
make: Nothing to be done for 'all'.
20:09:48 **** Auto Build of configuration Debug for project test_echo ****
make all 
Building file: ../src/main.c
Invoking: MicroBlaze gcc compiler
mb-gcc -Wall -O0 -g3 -c -fmessage-length=0 -MT"src/main.o" -I../../test_echo_bsp/microblaze_0/include -mlittle-endian -mno-xl-soft-div -mcpu=v11.0 -mno-xl-soft-mul -mhard-float -mxl-float-convert -mxl-float-sqrt -Wl,--no-relax -ffunction-sections -fdata-sections -MMD -MP -MF"src/main.d" -MT"src/main.o" -o "src/main.o" "../src/main.c"
../src/main.c: In function 'TimerCounterHandler':
../src/main.c:380:11: warning: unused variable 'InstancePtr' [-Wunused-variable]
  XTmrCtr* InstancePtr = (XTmrCtr*)CallBackRef;
           ^~~~~~~~~~~
Finished building: ../src/main.c
 
Building target: test_echo.elf
Invoking: MicroBlaze gcc linker
mb-gcc -Wl,-T -Wl,../src/lscript.ld -L../../test_echo_bsp/microblaze_0/lib -mlittle-endian -mno-xl-soft-div -mcpu=v11.0 -mno-xl-soft-mul -mhard-float -mxl-float-convert -mxl-float-sqrt -Wl,--no-relax -Wl,--gc-sections -o "test_echo.elf"  ./src/circular_buffer.o ./src/echo.o ./src/i2c_access.o ./src/iic_phyreset.o ./src/main.o ./src/platform.o ./src/platform_mb.o ./src/platform_ppc.o ./src/platform_zynq.o ./src/platform_zynqmp.o ./src/sensor_fusion.o ./src/sfp.o ./src/si5324.o   -Wl,--start-group,-lxil,-lgcc,-lc,--end-group -Wl,--start-group,-lxil,-llwip4,-lgcc,-lc,--end-group
Finished building target: test_echo.elf
 
Invoking: MicroBlaze Print Size
mb-size test_echo.elf  |tee "test_echo.elf.size"
   text	   data	    bss	    dec	    hex	filename
 115172	   1560	  82372	 199104	  309c0	test_echo.elf
Finished building: test_echo.elf.size
 
20:09:54 **** Incremental Build of configuration Debug for project test_echo ****
make all 
make: Nothing to be done for 'all'.
22:13:02 **** Auto Build of configuration Debug for project test_echo ****
make all 
Building file: ../src/main.c
Invoking: MicroBlaze gcc compiler
mb-gcc -Wall -O0 -g3 -c -fmessage-length=0 -MT"src/main.o" -I../../test_echo_bsp/microblaze_0/include -mlittle-endian -mno-xl-soft-div -mcpu=v11.0 -mno-xl-soft-mul -mhard-float -mxl-float-convert -mxl-float-sqrt -Wl,--no-relax -ffunction-sections -fdata-sections -MMD -MP -MF"src/main.d" -MT"src/main.o" -o "src/main.o" "../src/main.c"
../src/main.c: In function 'TimerCounterHandler':
../src/main.c:380:11: warning: unused variable 'InstancePtr' [-Wunused-variable]
  XTmrCtr* InstancePtr = (XTmrCtr*)CallBackRef;
           ^~~~~~~~~~~
Finished building: ../src/main.c
 
Building target: test_echo.elf
Invoking: MicroBlaze gcc linker
mb-gcc -Wl,-T -Wl,../src/lscript.ld -L../../test_echo_bsp/microblaze_0/lib -mlittle-endian -mno-xl-soft-div -mcpu=v11.0 -mno-xl-soft-mul -mhard-float -mxl-float-convert -mxl-float-sqrt -Wl,--no-relax -Wl,--gc-sections -o "test_echo.elf"  ./src/circular_buffer.o ./src/echo.o ./src/i2c_access.o ./src/iic_phyreset.o ./src/main.o ./src/platform.o ./src/platform_mb.o ./src/platform_ppc.o ./src/platform_zynq.o ./src/platform_zynqmp.o ./src/sensor_fusion.o ./src/sfp.o ./src/si5324.o   -Wl,--start-group,-lxil,-lgcc,-lc,--end-group -Wl,--start-group,-lxil,-llwip4,-lgcc,-lc,--end-group
Finished building target: test_echo.elf
 
Invoking: MicroBlaze Print Size
mb-size test_echo.elf  |tee "test_echo.elf.size"
   text	   data	    bss	    dec	    hex	filename
 115172	   1560	  82372	 199104	  309c0	test_echo.elf
Finished building: test_echo.elf.size
 
01:14:57 **** Auto Build of configuration Debug for project test_echo ****
make all 
Building file: ../src/main.c
Invoking: MicroBlaze gcc compiler
mb-gcc -Wall -O0 -g3 -c -fmessage-length=0 -MT"src/main.o" -I../../test_echo_bsp/microblaze_0/include -mlittle-endian -mno-xl-soft-div -mcpu=v11.0 -mno-xl-soft-mul -mhard-float -mxl-float-convert -mxl-float-sqrt -Wl,--no-relax -ffunction-sections -fdata-sections -MMD -MP -MF"src/main.d" -MT"src/main.o" -o "src/main.o" "../src/main.c"
../src/main.c: In function 'TimerCounterHandler':
../src/main.c:380:11: warning: unused variable 'InstancePtr' [-Wunused-variable]
  XTmrCtr* InstancePtr = (XTmrCtr*)CallBackRef;
           ^~~~~~~~~~~
Finished building: ../src/main.c
 
Building target: test_echo.elf
Invoking: MicroBlaze gcc linker
mb-gcc -Wl,-T -Wl,../src/lscript.ld -L../../test_echo_bsp/microblaze_0/lib -mlittle-endian -mno-xl-soft-div -mcpu=v11.0 -mno-xl-soft-mul -mhard-float -mxl-float-convert -mxl-float-sqrt -Wl,--no-relax -Wl,--gc-sections -o "test_echo.elf"  ./src/circular_buffer.o ./src/echo.o ./src/i2c_access.o ./src/iic_phyreset.o ./src/main.o ./src/platform.o ./src/platform_mb.o ./src/platform_ppc.o ./src/platform_zynq.o ./src/platform_zynqmp.o ./src/sensor_fusion.o ./src/sfp.o ./src/si5324.o   -Wl,--start-group,-lxil,-lgcc,-lc,--end-group -Wl,--start-group,-lxil,-llwip4,-lgcc,-lc,--end-group
Finished building target: test_echo.elf
 
Invoking: MicroBlaze Print Size
mb-size test_echo.elf  |tee "test_echo.elf.size"
   text	   data	    bss	    dec	    hex	filename
 115244	   1560	  82372	 199176	  30a08	test_echo.elf
Finished building: test_echo.elf.size
 
01:15:27 **** Incremental Build of configuration Debug for project test_echo ****
make all 
make: Nothing to be done for 'all'.
01:16:16 **** Incremental Build of configuration Debug for project test_echo ****
make all 
make: Nothing to be done for 'all'.
01:21:16 **** Auto Build of configuration Debug for project test_echo ****
make all 
Building file: ../src/main.c
Invoking: MicroBlaze gcc compiler
mb-gcc -Wall -O0 -g3 -c -fmessage-length=0 -MT"src/main.o" -I../../test_echo_bsp/microblaze_0/include -mlittle-endian -mno-xl-soft-div -mcpu=v11.0 -mno-xl-soft-mul -mhard-float -mxl-float-convert -mxl-float-sqrt -Wl,--no-relax -ffunction-sections -fdata-sections -MMD -MP -MF"src/main.d" -MT"src/main.o" -o "src/main.o" "../src/main.c"
../src/main.c: In function 'TimerCounterHandler':
../src/main.c:380:11: warning: unused variable 'InstancePtr' [-Wunused-variable]
  XTmrCtr* InstancePtr = (XTmrCtr*)CallBackRef;
           ^~~~~~~~~~~
Finished building: ../src/main.c
 
Building target: test_echo.elf
Invoking: MicroBlaze gcc linker
mb-gcc -Wl,-T -Wl,../src/lscript.ld -L../../test_echo_bsp/microblaze_0/lib -mlittle-endian -mno-xl-soft-div -mcpu=v11.0 -mno-xl-soft-mul -mhard-float -mxl-float-convert -mxl-float-sqrt -Wl,--no-relax -Wl,--gc-sections -o "test_echo.elf"  ./src/circular_buffer.o ./src/echo.o ./src/i2c_access.o ./src/iic_phyreset.o ./src/main.o ./src/platform.o ./src/platform_mb.o ./src/platform_ppc.o ./src/platform_zynq.o ./src/platform_zynqmp.o ./src/sensor_fusion.o ./src/sfp.o ./src/si5324.o   -Wl,--start-group,-lxil,-lgcc,-lc,--end-group -Wl,--start-group,-lxil,-llwip4,-lgcc,-lc,--end-group
Finished building target: test_echo.elf
 
Invoking: MicroBlaze Print Size
mb-size test_echo.elf  |tee "test_echo.elf.size"
   text	   data	    bss	    dec	    hex	filename
 115172	   1560	  82372	 199104	  309c0	test_echo.elf
Finished building: test_echo.elf.size
 
01:21:21 **** Incremental Build of configuration Debug for project test_echo ****
make all 
make: Nothing to be done for 'all'.
22:44:42 **** Incremental Build of configuration Debug for project test_echo ****
make all 
make: Nothing to be done for 'all'.
22:45:05 **** Incremental Build of configuration Debug for project test_echo ****
make all 
make: Nothing to be done for 'all'.
00:10:19 **** Auto Build of configuration Debug for project test_echo ****
make all 
Building file: ../src/main.c
Invoking: MicroBlaze gcc compiler
mb-gcc -Wall -O0 -g3 -c -fmessage-length=0 -MT"src/main.o" -I../../test_echo_bsp/microblaze_0/include -mlittle-endian -mno-xl-soft-div -mcpu=v11.0 -mno-xl-soft-mul -mhard-float -mxl-float-convert -mxl-float-sqrt -Wl,--no-relax -ffunction-sections -fdata-sections -MMD -MP -MF"src/main.d" -MT"src/main.o" -o "src/main.o" "../src/main.c"
../src/main.c: In function 'TimerCounterHandler':
../src/main.c:381:11: warning: unused variable 'InstancePtr' [-Wunused-variable]
  XTmrCtr* InstancePtr = (XTmrCtr*)CallBackRef;
           ^~~~~~~~~~~
Finished building: ../src/main.c
 
Building target: test_echo.elf
Invoking: MicroBlaze gcc linker
mb-gcc -Wl,-T -Wl,../src/lscript.ld -L../../test_echo_bsp/microblaze_0/lib -mlittle-endian -mno-xl-soft-div -mcpu=v11.0 -mno-xl-soft-mul -mhard-float -mxl-float-convert -mxl-float-sqrt -Wl,--no-relax -Wl,--gc-sections -o "test_echo.elf"  ./src/circular_buffer.o ./src/echo.o ./src/i2c_access.o ./src/iic_phyreset.o ./src/main.o ./src/platform.o ./src/platform_mb.o ./src/platform_ppc.o ./src/platform_zynq.o ./src/platform_zynqmp.o ./src/sensor_fusion.o ./src/sfp.o ./src/si5324.o   -Wl,--start-group,-lxil,-lgcc,-lc,--end-group -Wl,--start-group,-lxil,-llwip4,-lgcc,-lc,--end-group
Finished building target: test_echo.elf
 
Invoking: MicroBlaze Print Size
mb-size test_echo.elf  |tee "test_echo.elf.size"
   text	   data	    bss	    dec	    hex	filename
 115216	   1560	  82368	 199144	  309e8	test_echo.elf
Finished building: test_echo.elf.size
 
00:13:50 **** Auto Build of configuration Debug for project test_echo ****
make all 
Building file: ../src/main.c
Invoking: MicroBlaze gcc compiler
mb-gcc -Wall -O0 -g3 -c -fmessage-length=0 -MT"src/main.o" -I../../test_echo_bsp/microblaze_0/include -mlittle-endian -mno-xl-soft-div -mcpu=v11.0 -mno-xl-soft-mul -mhard-float -mxl-float-convert -mxl-float-sqrt -Wl,--no-relax -ffunction-sections -fdata-sections -MMD -MP -MF"src/main.d" -MT"src/main.o" -o "src/main.o" "../src/main.c"
../src/main.c: In function 'TimerCounterHandler':
../src/main.c:381:11: warning: unused variable 'InstancePtr' [-Wunused-variable]
  XTmrCtr* InstancePtr = (XTmrCtr*)CallBackRef;
           ^~~~~~~~~~~
Finished building: ../src/main.c
 
Building target: test_echo.elf
Invoking: MicroBlaze gcc linker
mb-gcc -Wl,-T -Wl,../src/lscript.ld -L../../test_echo_bsp/microblaze_0/lib -mlittle-endian -mno-xl-soft-div -mcpu=v11.0 -mno-xl-soft-mul -mhard-float -mxl-float-convert -mxl-float-sqrt -Wl,--no-relax -Wl,--gc-sections -o "test_echo.elf"  ./src/circular_buffer.o ./src/echo.o ./src/i2c_access.o ./src/iic_phyreset.o ./src/main.o ./src/platform.o ./src/platform_mb.o ./src/platform_ppc.o ./src/platform_zynq.o ./src/platform_zynqmp.o ./src/sensor_fusion.o ./src/sfp.o ./src/si5324.o   -Wl,--start-group,-lxil,-lgcc,-lc,--end-group -Wl,--start-group,-lxil,-llwip4,-lgcc,-lc,--end-group
Finished building target: test_echo.elf
 
Invoking: MicroBlaze Print Size
mb-size test_echo.elf  |tee "test_echo.elf.size"
   text	   data	    bss	    dec	    hex	filename
 115220	   1560	  82372	 199152	  309f0	test_echo.elf
Finished building: test_echo.elf.size
 
00:24:46 **** Auto Build of configuration Debug for project test_echo ****
make all 
Building file: ../src/main.c
Invoking: MicroBlaze gcc compiler
mb-gcc -Wall -O0 -g3 -c -fmessage-length=0 -MT"src/main.o" -I../../test_echo_bsp/microblaze_0/include -mlittle-endian -mno-xl-soft-div -mcpu=v11.0 -mno-xl-soft-mul -mhard-float -mxl-float-convert -mxl-float-sqrt -Wl,--no-relax -ffunction-sections -fdata-sections -MMD -MP -MF"src/main.d" -MT"src/main.o" -o "src/main.o" "../src/main.c"
../src/main.c: In function 'TimerCounterHandler':
../src/main.c:383:11: warning: unused variable 'InstancePtr' [-Wunused-variable]
  XTmrCtr* InstancePtr = (XTmrCtr*)CallBackRef;
           ^~~~~~~~~~~
Finished building: ../src/main.c
 
Building target: test_echo.elf
Invoking: MicroBlaze gcc linker
mb-gcc -Wl,-T -Wl,../src/lscript.ld -L../../test_echo_bsp/microblaze_0/lib -mlittle-endian -mno-xl-soft-div -mcpu=v11.0 -mno-xl-soft-mul -mhard-float -mxl-float-convert -mxl-float-sqrt -Wl,--no-relax -Wl,--gc-sections -o "test_echo.elf"  ./src/circular_buffer.o ./src/echo.o ./src/i2c_access.o ./src/iic_phyreset.o ./src/main.o ./src/platform.o ./src/platform_mb.o ./src/platform_ppc.o ./src/platform_zynq.o ./src/platform_zynqmp.o ./src/sensor_fusion.o ./src/sfp.o ./src/si5324.o   -Wl,--start-group,-lxil,-lgcc,-lc,--end-group -Wl,--start-group,-lxil,-llwip4,-lgcc,-lc,--end-group
Finished building target: test_echo.elf
 
Invoking: MicroBlaze Print Size
mb-size test_echo.elf  |tee "test_echo.elf.size"
   text	   data	    bss	    dec	    hex	filename
 115248	   1560	  82376	 199184	  30a10	test_echo.elf
Finished building: test_echo.elf.size
 
00:24:57 **** Auto Build of configuration Debug for project test_echo ****
make all 
Building file: ../src/main.c
Invoking: MicroBlaze gcc compiler
mb-gcc -Wall -O0 -g3 -c -fmessage-length=0 -MT"src/main.o" -I../../test_echo_bsp/microblaze_0/include -mlittle-endian -mno-xl-soft-div -mcpu=v11.0 -mno-xl-soft-mul -mhard-float -mxl-float-convert -mxl-float-sqrt -Wl,--no-relax -ffunction-sections -fdata-sections -MMD -MP -MF"src/main.d" -MT"src/main.o" -o "src/main.o" "../src/main.c"
../src/main.c: In function 'TimerCounterHandler':
../src/main.c:384:11: warning: unused variable 'InstancePtr' [-Wunused-variable]
  XTmrCtr* InstancePtr = (XTmrCtr*)CallBackRef;
           ^~~~~~~~~~~
Finished building: ../src/main.c
 
Building target: test_echo.elf
Invoking: MicroBlaze gcc linker
mb-gcc -Wl,-T -Wl,../src/lscript.ld -L../../test_echo_bsp/microblaze_0/lib -mlittle-endian -mno-xl-soft-div -mcpu=v11.0 -mno-xl-soft-mul -mhard-float -mxl-float-convert -mxl-float-sqrt -Wl,--no-relax -Wl,--gc-sections -o "test_echo.elf"  ./src/circular_buffer.o ./src/echo.o ./src/i2c_access.o ./src/iic_phyreset.o ./src/main.o ./src/platform.o ./src/platform_mb.o ./src/platform_ppc.o ./src/platform_zynq.o ./src/platform_zynqmp.o ./src/sensor_fusion.o ./src/sfp.o ./src/si5324.o   -Wl,--start-group,-lxil,-lgcc,-lc,--end-group -Wl,--start-group,-lxil,-llwip4,-lgcc,-lc,--end-group
Finished building target: test_echo.elf
 
Invoking: MicroBlaze Print Size
mb-size test_echo.elf  |tee "test_echo.elf.size"
   text	   data	    bss	    dec	    hex	filename
 115260	   1560	  82380	 199200	  30a20	test_echo.elf
Finished building: test_echo.elf.size
 
00:26:02 **** Auto Build of configuration Debug for project test_echo ****
make all 
Building file: ../src/main.c
Invoking: MicroBlaze gcc compiler
mb-gcc -Wall -O0 -g3 -c -fmessage-length=0 -MT"src/main.o" -I../../test_echo_bsp/microblaze_0/include -mlittle-endian -mno-xl-soft-div -mcpu=v11.0 -mno-xl-soft-mul -mhard-float -mxl-float-convert -mxl-float-sqrt -Wl,--no-relax -ffunction-sections -fdata-sections -MMD -MP -MF"src/main.d" -MT"src/main.o" -o "src/main.o" "../src/main.c"
../src/main.c: In function 'TimerCounterHandler':
../src/main.c:384:11: warning: unused variable 'InstancePtr' [-Wunused-variable]
  XTmrCtr* InstancePtr = (XTmrCtr*)CallBackRef;
           ^~~~~~~~~~~
Finished building: ../src/main.c
 
Building target: test_echo.elf
Invoking: MicroBlaze gcc linker
mb-gcc -Wl,-T -Wl,../src/lscript.ld -L../../test_echo_bsp/microblaze_0/lib -mlittle-endian -mno-xl-soft-div -mcpu=v11.0 -mno-xl-soft-mul -mhard-float -mxl-float-convert -mxl-float-sqrt -Wl,--no-relax -Wl,--gc-sections -o "test_echo.elf"  ./src/circular_buffer.o ./src/echo.o ./src/i2c_access.o ./src/iic_phyreset.o ./src/main.o ./src/platform.o ./src/platform_mb.o ./src/platform_ppc.o ./src/platform_zynq.o ./src/platform_zynqmp.o ./src/sensor_fusion.o ./src/sfp.o ./src/si5324.o   -Wl,--start-group,-lxil,-lgcc,-lc,--end-group -Wl,--start-group,-lxil,-llwip4,-lgcc,-lc,--end-group
Finished building target: test_echo.elf
 
Invoking: MicroBlaze Print Size
mb-size test_echo.elf  |tee "test_echo.elf.size"
   text	   data	    bss	    dec	    hex	filename
 115252	   1560	  82380	 199192	  30a18	test_echo.elf
Finished building: test_echo.elf.size
 
00:26:11 **** Auto Build of configuration Debug for project test_echo ****
make all 
Building file: ../src/main.c
Invoking: MicroBlaze gcc compiler
mb-gcc -Wall -O0 -g3 -c -fmessage-length=0 -MT"src/main.o" -I../../test_echo_bsp/microblaze_0/include -mlittle-endian -mno-xl-soft-div -mcpu=v11.0 -mno-xl-soft-mul -mhard-float -mxl-float-convert -mxl-float-sqrt -Wl,--no-relax -ffunction-sections -fdata-sections -MMD -MP -MF"src/main.d" -MT"src/main.o" -o "src/main.o" "../src/main.c"
../src/main.c: In function 'TimerCounterHandler':
../src/main.c:384:11: warning: unused variable 'InstancePtr' [-Wunused-variable]
  XTmrCtr* InstancePtr = (XTmrCtr*)CallBackRef;
           ^~~~~~~~~~~
Finished building: ../src/main.c
 
Building target: test_echo.elf
Invoking: MicroBlaze gcc linker
mb-gcc -Wl,-T -Wl,../src/lscript.ld -L../../test_echo_bsp/microblaze_0/lib -mlittle-endian -mno-xl-soft-div -mcpu=v11.0 -mno-xl-soft-mul -mhard-float -mxl-float-convert -mxl-float-sqrt -Wl,--no-relax -Wl,--gc-sections -o "test_echo.elf"  ./src/circular_buffer.o ./src/echo.o ./src/i2c_access.o ./src/iic_phyreset.o ./src/main.o ./src/platform.o ./src/platform_mb.o ./src/platform_ppc.o ./src/platform_zynq.o ./src/platform_zynqmp.o ./src/sensor_fusion.o ./src/sfp.o ./src/si5324.o   -Wl,--start-group,-lxil,-lgcc,-lc,--end-group -Wl,--start-group,-lxil,-llwip4,-lgcc,-lc,--end-group
Finished building target: test_echo.elf
 
Invoking: MicroBlaze Print Size
mb-size test_echo.elf  |tee "test_echo.elf.size"
   text	   data	    bss	    dec	    hex	filename
 115260	   1560	  82380	 199200	  30a20	test_echo.elf
Finished building: test_echo.elf.size
 
00:28:25 **** Incremental Build of configuration Debug for project test_echo ****
make all 
make: Nothing to be done for 'all'.
00:29:48 **** Auto Build of configuration Debug for project test_echo ****
make all 
Building file: ../src/main.c
Invoking: MicroBlaze gcc compiler
mb-gcc -Wall -O0 -g3 -c -fmessage-length=0 -MT"src/main.o" -I../../test_echo_bsp/microblaze_0/include -mlittle-endian -mno-xl-soft-div -mcpu=v11.0 -mno-xl-soft-mul -mhard-float -mxl-float-convert -mxl-float-sqrt -Wl,--no-relax -ffunction-sections -fdata-sections -MMD -MP -MF"src/main.d" -MT"src/main.o" -o "src/main.o" "../src/main.c"
../src/main.c: In function 'TimerCounterHandler':
../src/main.c:384:11: warning: unused variable 'InstancePtr' [-Wunused-variable]
  XTmrCtr* InstancePtr = (XTmrCtr*)CallBackRef;
           ^~~~~~~~~~~
Finished building: ../src/main.c
 
Building target: test_echo.elf
Invoking: MicroBlaze gcc linker
mb-gcc -Wl,-T -Wl,../src/lscript.ld -L../../test_echo_bsp/microblaze_0/lib -mlittle-endian -mno-xl-soft-div -mcpu=v11.0 -mno-xl-soft-mul -mhard-float -mxl-float-convert -mxl-float-sqrt -Wl,--no-relax -Wl,--gc-sections -o "test_echo.elf"  ./src/circular_buffer.o ./src/echo.o ./src/i2c_access.o ./src/iic_phyreset.o ./src/main.o ./src/platform.o ./src/platform_mb.o ./src/platform_ppc.o ./src/platform_zynq.o ./src/platform_zynqmp.o ./src/sensor_fusion.o ./src/sfp.o ./src/si5324.o   -Wl,--start-group,-lxil,-lgcc,-lc,--end-group -Wl,--start-group,-lxil,-llwip4,-lgcc,-lc,--end-group
Finished building target: test_echo.elf
 
Invoking: MicroBlaze Print Size
mb-size test_echo.elf  |tee "test_echo.elf.size"
   text	   data	    bss	    dec	    hex	filename
 115016	   1560	  82376	 198952	  30928	test_echo.elf
Finished building: test_echo.elf.size
 
00:29:54 **** Incremental Build of configuration Debug for project test_echo ****
make all 
make: Nothing to be done for 'all'.
00:30:29 **** Auto Build of configuration Debug for project test_echo ****
make all 
Building file: ../src/main.c
Invoking: MicroBlaze gcc compiler
mb-gcc -Wall -O0 -g3 -c -fmessage-length=0 -MT"src/main.o" -I../../test_echo_bsp/microblaze_0/include -mlittle-endian -mno-xl-soft-div -mcpu=v11.0 -mno-xl-soft-mul -mhard-float -mxl-float-convert -mxl-float-sqrt -Wl,--no-relax -ffunction-sections -fdata-sections -MMD -MP -MF"src/main.d" -MT"src/main.o" -o "src/main.o" "../src/main.c"
../src/main.c: In function 'TimerCounterHandler':
../src/main.c:384:11: warning: unused variable 'InstancePtr' [-Wunused-variable]
  XTmrCtr* InstancePtr = (XTmrCtr*)CallBackRef;
           ^~~~~~~~~~~
Finished building: ../src/main.c
 
Building target: test_echo.elf
Invoking: MicroBlaze gcc linker
mb-gcc -Wl,-T -Wl,../src/lscript.ld -L../../test_echo_bsp/microblaze_0/lib -mlittle-endian -mno-xl-soft-div -mcpu=v11.0 -mno-xl-soft-mul -mhard-float -mxl-float-convert -mxl-float-sqrt -Wl,--no-relax -Wl,--gc-sections -o "test_echo.elf"  ./src/circular_buffer.o ./src/echo.o ./src/i2c_access.o ./src/iic_phyreset.o ./src/main.o ./src/platform.o ./src/platform_mb.o ./src/platform_ppc.o ./src/platform_zynq.o ./src/platform_zynqmp.o ./src/sensor_fusion.o ./src/sfp.o ./src/si5324.o   -Wl,--start-group,-lxil,-lgcc,-lc,--end-group -Wl,--start-group,-lxil,-llwip4,-lgcc,-lc,--end-group
Finished building target: test_echo.elf
 
Invoking: MicroBlaze Print Size
mb-size test_echo.elf  |tee "test_echo.elf.size"
   text	   data	    bss	    dec	    hex	filename
 115260	   1560	  82380	 199200	  30a20	test_echo.elf
Finished building: test_echo.elf.size
 
00:30:36 **** Auto Build of configuration Debug for project test_echo ****
make all 
Building file: ../src/main.c
Invoking: MicroBlaze gcc compiler
mb-gcc -Wall -O0 -g3 -c -fmessage-length=0 -MT"src/main.o" -I../../test_echo_bsp/microblaze_0/include -mlittle-endian -mno-xl-soft-div -mcpu=v11.0 -mno-xl-soft-mul -mhard-float -mxl-float-convert -mxl-float-sqrt -Wl,--no-relax -ffunction-sections -fdata-sections -MMD -MP -MF"src/main.d" -MT"src/main.o" -o "src/main.o" "../src/main.c"
../src/main.c: In function 'TimerCounterHandler':
../src/main.c:384:11: warning: unused variable 'InstancePtr' [-Wunused-variable]
  XTmrCtr* InstancePtr = (XTmrCtr*)CallBackRef;
           ^~~~~~~~~~~
Finished building: ../src/main.c
 
Building target: test_echo.elf
Invoking: MicroBlaze gcc linker
mb-gcc -Wl,-T -Wl,../src/lscript.ld -L../../test_echo_bsp/microblaze_0/lib -mlittle-endian -mno-xl-soft-div -mcpu=v11.0 -mno-xl-soft-mul -mhard-float -mxl-float-convert -mxl-float-sqrt -Wl,--no-relax -Wl,--gc-sections -o "test_echo.elf"  ./src/circular_buffer.o ./src/echo.o ./src/i2c_access.o ./src/iic_phyreset.o ./src/main.o ./src/platform.o ./src/platform_mb.o ./src/platform_ppc.o ./src/platform_zynq.o ./src/platform_zynqmp.o ./src/sensor_fusion.o ./src/sfp.o ./src/si5324.o   -Wl,--start-group,-lxil,-lgcc,-lc,--end-group -Wl,--start-group,-lxil,-llwip4,-lgcc,-lc,--end-group
Finished building target: test_echo.elf
 
Invoking: MicroBlaze Print Size
mb-size test_echo.elf  |tee "test_echo.elf.size"
   text	   data	    bss	    dec	    hex	filename
 115260	   1560	  82380	 199200	  30a20	test_echo.elf
Finished building: test_echo.elf.size
 
00:30:41 **** Incremental Build of configuration Debug for project test_echo ****
make all 
make: Nothing to be done for 'all'.
00:31:17 **** Auto Build of configuration Debug for project test_echo ****
make all 
Building file: ../src/main.c
Invoking: MicroBlaze gcc compiler
mb-gcc -Wall -O0 -g3 -c -fmessage-length=0 -MT"src/main.o" -I../../test_echo_bsp/microblaze_0/include -mlittle-endian -mno-xl-soft-div -mcpu=v11.0 -mno-xl-soft-mul -mhard-float -mxl-float-convert -mxl-float-sqrt -Wl,--no-relax -ffunction-sections -fdata-sections -MMD -MP -MF"src/main.d" -MT"src/main.o" -o "src/main.o" "../src/main.c"
../src/main.c: In function 'TimerCounterHandler':
../src/main.c:384:11: warning: unused variable 'InstancePtr' [-Wunused-variable]
  XTmrCtr* InstancePtr = (XTmrCtr*)CallBackRef;
           ^~~~~~~~~~~
Finished building: ../src/main.c
 
Building target: test_echo.elf
Invoking: MicroBlaze gcc linker
mb-gcc -Wl,-T -Wl,../src/lscript.ld -L../../test_echo_bsp/microblaze_0/lib -mlittle-endian -mno-xl-soft-div -mcpu=v11.0 -mno-xl-soft-mul -mhard-float -mxl-float-convert -mxl-float-sqrt -Wl,--no-relax -Wl,--gc-sections -o "test_echo.elf"  ./src/circular_buffer.o ./src/echo.o ./src/i2c_access.o ./src/iic_phyreset.o ./src/main.o ./src/platform.o ./src/platform_mb.o ./src/platform_ppc.o ./src/platform_zynq.o ./src/platform_zynqmp.o ./src/sensor_fusion.o ./src/sfp.o ./src/si5324.o   -Wl,--start-group,-lxil,-lgcc,-lc,--end-group -Wl,--start-group,-lxil,-llwip4,-lgcc,-lc,--end-group
Finished building target: test_echo.elf
 
Invoking: MicroBlaze Print Size
mb-size test_echo.elf  |tee "test_echo.elf.size"
   text	   data	    bss	    dec	    hex	filename
 115016	   1560	  82376	 198952	  30928	test_echo.elf
Finished building: test_echo.elf.size
 
00:31:21 **** Incremental Build of configuration Debug for project test_echo ****
make all 
make: Nothing to be done for 'all'.
00:32:55 **** Auto Build of configuration Debug for project test_echo ****
make all 
Building file: ../src/main.c
Invoking: MicroBlaze gcc compiler
mb-gcc -Wall -O0 -g3 -c -fmessage-length=0 -MT"src/main.o" -I../../test_echo_bsp/microblaze_0/include -mlittle-endian -mno-xl-soft-div -mcpu=v11.0 -mno-xl-soft-mul -mhard-float -mxl-float-convert -mxl-float-sqrt -Wl,--no-relax -ffunction-sections -fdata-sections -MMD -MP -MF"src/main.d" -MT"src/main.o" -o "src/main.o" "../src/main.c"
../src/main.c: In function 'Run':
../src/main.c:296:9: warning: unused variable 'USDist' [-Wunused-variable]
  double USDist = 0;
         ^~~~~~
../src/main.c: In function 'TimerCounterHandler':
../src/main.c:384:11: warning: unused variable 'InstancePtr' [-Wunused-variable]
  XTmrCtr* InstancePtr = (XTmrCtr*)CallBackRef;
           ^~~~~~~~~~~
Finished building: ../src/main.c
 
Building target: test_echo.elf
Invoking: MicroBlaze gcc linker
mb-gcc -Wl,-T -Wl,../src/lscript.ld -L../../test_echo_bsp/microblaze_0/lib -mlittle-endian -mno-xl-soft-div -mcpu=v11.0 -mno-xl-soft-mul -mhard-float -mxl-float-convert -mxl-float-sqrt -Wl,--no-relax -Wl,--gc-sections -o "test_echo.elf"  ./src/circular_buffer.o ./src/echo.o ./src/i2c_access.o ./src/iic_phyreset.o ./src/main.o ./src/platform.o ./src/platform_mb.o ./src/platform_ppc.o ./src/platform_zynq.o ./src/platform_zynqmp.o ./src/sensor_fusion.o ./src/sfp.o ./src/si5324.o   -Wl,--start-group,-lxil,-lgcc,-lc,--end-group -Wl,--start-group,-lxil,-llwip4,-lgcc,-lc,--end-group
Finished building target: test_echo.elf
 
Invoking: MicroBlaze Print Size
mb-size test_echo.elf  |tee "test_echo.elf.size"
   text	   data	    bss	    dec	    hex	filename
 114832	   1560	  82376	 198768	  30870	test_echo.elf
Finished building: test_echo.elf.size
 
00:33:00 **** Incremental Build of configuration Debug for project test_echo ****
make all 
make: Nothing to be done for 'all'.
00:36:10 **** Auto Build of configuration Debug for project test_echo ****
make all 
Building file: ../src/main.c
Invoking: MicroBlaze gcc compiler
mb-gcc -Wall -O0 -g3 -c -fmessage-length=0 -MT"src/main.o" -I../../test_echo_bsp/microblaze_0/include -mlittle-endian -mno-xl-soft-div -mcpu=v11.0 -mno-xl-soft-mul -mhard-float -mxl-float-convert -mxl-float-sqrt -Wl,--no-relax -ffunction-sections -fdata-sections -MMD -MP -MF"src/main.d" -MT"src/main.o" -o "src/main.o" "../src/main.c"
../src/main.c: In function 'Run':
../src/main.c:296:9: warning: unused variable 'USDist' [-Wunused-variable]
  double USDist = 0;
         ^~~~~~
../src/main.c: In function 'TimerCounterHandler':
../src/main.c:385:11: warning: unused variable 'InstancePtr' [-Wunused-variable]
  XTmrCtr* InstancePtr = (XTmrCtr*)CallBackRef;
           ^~~~~~~~~~~
Finished building: ../src/main.c
 
Building target: test_echo.elf
Invoking: MicroBlaze gcc linker
mb-gcc -Wl,-T -Wl,../src/lscript.ld -L../../test_echo_bsp/microblaze_0/lib -mlittle-endian -mno-xl-soft-div -mcpu=v11.0 -mno-xl-soft-mul -mhard-float -mxl-float-convert -mxl-float-sqrt -Wl,--no-relax -Wl,--gc-sections -o "test_echo.elf"  ./src/circular_buffer.o ./src/echo.o ./src/i2c_access.o ./src/iic_phyreset.o ./src/main.o ./src/platform.o ./src/platform_mb.o ./src/platform_ppc.o ./src/platform_zynq.o ./src/platform_zynqmp.o ./src/sensor_fusion.o ./src/sfp.o ./src/si5324.o   -Wl,--start-group,-lxil,-lgcc,-lc,--end-group -Wl,--start-group,-lxil,-llwip4,-lgcc,-lc,--end-group
Finished building target: test_echo.elf
 
Invoking: MicroBlaze Print Size
mb-size test_echo.elf  |tee "test_echo.elf.size"
   text	   data	    bss	    dec	    hex	filename
 115404	   1560	  82380	 199344	  30ab0	test_echo.elf
Finished building: test_echo.elf.size
 
00:36:15 **** Incremental Build of configuration Debug for project test_echo ****
make all 
make: Nothing to be done for 'all'.
00:40:27 **** Auto Build of configuration Debug for project test_echo ****
make all 
Building file: ../src/main.c
Invoking: MicroBlaze gcc compiler
mb-gcc -Wall -O0 -g3 -c -fmessage-length=0 -MT"src/main.o" -I../../test_echo_bsp/microblaze_0/include -mlittle-endian -mno-xl-soft-div -mcpu=v11.0 -mno-xl-soft-mul -mhard-float -mxl-float-convert -mxl-float-sqrt -Wl,--no-relax -ffunction-sections -fdata-sections -MMD -MP -MF"src/main.d" -MT"src/main.o" -o "src/main.o" "../src/main.c"
../src/main.c: In function 'Run':
../src/main.c:296:9: warning: unused variable 'USDist' [-Wunused-variable]
  double USDist = 0;
         ^~~~~~
../src/main.c:284:9: warning: unused variable 'IRDist' [-Wunused-variable]
  double IRDist = 0;
         ^~~~~~
../src/main.c:283:9: warning: unused variable 'voltage' [-Wunused-variable]
  double voltage;
         ^~~~~~~
../src/main.c:282:6: warning: unused variable 'conv' [-Wunused-variable]
  u16 conv;
      ^~~~
../src/main.c: In function 'TimerCounterHandler':
../src/main.c:385:11: warning: unused variable 'InstancePtr' [-Wunused-variable]
  XTmrCtr* InstancePtr = (XTmrCtr*)CallBackRef;
           ^~~~~~~~~~~
Finished building: ../src/main.c
 
Building target: test_echo.elf
Invoking: MicroBlaze gcc linker
mb-gcc -Wl,-T -Wl,../src/lscript.ld -L../../test_echo_bsp/microblaze_0/lib -mlittle-endian -mno-xl-soft-div -mcpu=v11.0 -mno-xl-soft-mul -mhard-float -mxl-float-convert -mxl-float-sqrt -Wl,--no-relax -Wl,--gc-sections -o "test_echo.elf"  ./src/circular_buffer.o ./src/echo.o ./src/i2c_access.o ./src/iic_phyreset.o ./src/main.o ./src/platform.o ./src/platform_mb.o ./src/platform_ppc.o ./src/platform_zynq.o ./src/platform_zynqmp.o ./src/sensor_fusion.o ./src/sfp.o ./src/si5324.o   -Wl,--start-group,-lxil,-lgcc,-lc,--end-group -Wl,--start-group,-lxil,-llwip4,-lgcc,-lc,--end-group
Finished building target: test_echo.elf
 
Invoking: MicroBlaze Print Size
mb-size test_echo.elf  |tee "test_echo.elf.size"
   text	   data	    bss	    dec	    hex	filename
  62292	   1432	  82364	 146088	  23aa8	test_echo.elf
Finished building: test_echo.elf.size
 
00:40:31 **** Incremental Build of configuration Debug for project test_echo ****
make all 
make: Nothing to be done for 'all'.
00:44:25 **** Auto Build of configuration Debug for project test_echo ****
make all 
Building file: ../src/main.c
Invoking: MicroBlaze gcc compiler
mb-gcc -Wall -O0 -g3 -c -fmessage-length=0 -MT"src/main.o" -I../../test_echo_bsp/microblaze_0/include -mlittle-endian -mno-xl-soft-div -mcpu=v11.0 -mno-xl-soft-mul -mhard-float -mxl-float-convert -mxl-float-sqrt -Wl,--no-relax -ffunction-sections -fdata-sections -MMD -MP -MF"src/main.d" -MT"src/main.o" -o "src/main.o" "../src/main.c"
../src/main.c: In function 'Run':
../src/main.c:296:9: warning: unused variable 'USDist' [-Wunused-variable]
  double USDist = 0;
         ^~~~~~
../src/main.c:284:9: warning: unused variable 'IRDist' [-Wunused-variable]
  double IRDist = 0;
         ^~~~~~
../src/main.c:283:9: warning: unused variable 'voltage' [-Wunused-variable]
[...]
Finished building target: test_echo.elf
 
Invoking: MicroBlaze Print Size
mb-size test_echo.elf  |tee "test_echo.elf.size"
   text	   data	    bss	    dec	    hex	filename
 183100	   1608	3962636	4147344	 3f4890	test_echo.elf
Finished building: test_echo.elf.size
 
01:39:55 **** Incremental Build of configuration Debug for project test_echo ****
make all 
make: Nothing to be done for 'all'.
01:40:27 **** Incremental Build of configuration Debug for project test_echo ****
make all 
make: Nothing to be done for 'all'.
01:44:27 **** Incremental Build of configuration Debug for project test_echo ****
make all 
make: Nothing to be done for 'all'.
02:16:08 **** Incremental Build of configuration Debug for project test_echo ****
make all 
make: Nothing to be done for 'all'.
02:17:31 **** Incremental Build of configuration Debug for project test_echo ****
make all 
make: Nothing to be done for 'all'.
23:28:37 **** Auto Build of configuration Debug for project test_echo ****
make all 
Building file: ../src/sensor_fusion.c
Invoking: MicroBlaze gcc compiler
mb-gcc -Wall -O0 -g3 -c -fmessage-length=0 -MT"src/sensor_fusion.o" -I../../test_echo_bsp/microblaze_0/include -mlittle-endian -mno-xl-soft-div -mcpu=v11.0 -mno-xl-soft-mul -mhard-float -mxl-float-convert -mxl-float-sqrt -Wl,--no-relax -ffunction-sections -fdata-sections -MMD -MP -MF"src/sensor_fusion.d" -MT"src/sensor_fusion.o" -o "src/sensor_fusion.o" "../src/sensor_fusion.c"
Finished building: ../src/sensor_fusion.c
 
Building target: test_echo.elf
Invoking: MicroBlaze gcc linker
mb-gcc -Wl,-T -Wl,../src/lscript.ld -L../../test_echo_bsp/microblaze_0/lib -mlittle-endian -mno-xl-soft-div -mcpu=v11.0 -mno-xl-soft-mul -mhard-float -mxl-float-convert -mxl-float-sqrt -Wl,--no-relax -Wl,--gc-sections -o "test_echo.elf"  ./src/circular_buffer.o ./src/echo.o ./src/i2c_access.o ./src/iic_phyreset.o ./src/main.o ./src/platform.o ./src/platform_mb.o ./src/platform_ppc.o ./src/platform_zynq.o ./src/platform_zynqmp.o ./src/sensor_fusion.o ./src/sfp.o ./src/si5324.o   -Wl,--start-group,-lxil,-lgcc,-lc,--end-group -Wl,--start-group,-lxil,-llwip4,-lgcc,-lc,--end-group
Finished building target: test_echo.elf
 
Invoking: MicroBlaze Print Size
mb-size test_echo.elf  |tee "test_echo.elf.size"
   text	   data	    bss	    dec	    hex	filename
 182760	   1608	3962632	4147000	 3f4738	test_echo.elf
Finished building: test_echo.elf.size
 
23:28:52 **** Auto Build of configuration Debug for project test_echo ****
make all 
Building file: ../src/sensor_fusion.c
Invoking: MicroBlaze gcc compiler
mb-gcc -Wall -O0 -g3 -c -fmessage-length=0 -MT"src/sensor_fusion.o" -I../../test_echo_bsp/microblaze_0/include -mlittle-endian -mno-xl-soft-div -mcpu=v11.0 -mno-xl-soft-mul -mhard-float -mxl-float-convert -mxl-float-sqrt -Wl,--no-relax -ffunction-sections -fdata-sections -MMD -MP -MF"src/sensor_fusion.d" -MT"src/sensor_fusion.o" -o "src/sensor_fusion.o" "../src/sensor_fusion.c"
Finished building: ../src/sensor_fusion.c
 
Building target: test_echo.elf
Invoking: MicroBlaze gcc linker
mb-gcc -Wl,-T -Wl,../src/lscript.ld -L../../test_echo_bsp/microblaze_0/lib -mlittle-endian -mno-xl-soft-div -mcpu=v11.0 -mno-xl-soft-mul -mhard-float -mxl-float-convert -mxl-float-sqrt -Wl,--no-relax -Wl,--gc-sections -o "test_echo.elf"  ./src/circular_buffer.o ./src/echo.o ./src/i2c_access.o ./src/iic_phyreset.o ./src/main.o ./src/platform.o ./src/platform_mb.o ./src/platform_ppc.o ./src/platform_zynq.o ./src/platform_zynqmp.o ./src/sensor_fusion.o ./src/sfp.o ./src/si5324.o   -Wl,--start-group,-lxil,-lgcc,-lc,--end-group -Wl,--start-group,-lxil,-llwip4,-lgcc,-lc,--end-group
Finished building target: test_echo.elf
 
Invoking: MicroBlaze Print Size
mb-size test_echo.elf  |tee "test_echo.elf.size"
   text	   data	    bss	    dec	    hex	filename
 182760	   1608	3962632	4147000	 3f4738	test_echo.elf
Finished building: test_echo.elf.size
 
23:32:32 **** Auto Build of configuration Debug for project test_echo ****
make all 
Building file: ../src/circular_buffer.c
Invoking: MicroBlaze gcc compiler
mb-gcc -Wall -O0 -g3 -c -fmessage-length=0 -MT"src/circular_buffer.o" -I../../test_echo_bsp/microblaze_0/include -mlittle-endian -mno-xl-soft-div -mcpu=v11.0 -mno-xl-soft-mul -mhard-float -mxl-float-convert -mxl-float-sqrt -Wl,--no-relax -ffunction-sections -fdata-sections -MMD -MP -MF"src/circular_buffer.d" -MT"src/circular_buffer.o" -o "src/circular_buffer.o" "../src/circular_buffer.c"
Finished building: ../src/circular_buffer.c
 
Building file: ../src/echo.c
Invoking: MicroBlaze gcc compiler
mb-gcc -Wall -O0 -g3 -c -fmessage-length=0 -MT"src/echo.o" -I../../test_echo_bsp/microblaze_0/include -mlittle-endian -mno-xl-soft-div -mcpu=v11.0 -mno-xl-soft-mul -mhard-float -mxl-float-convert -mxl-float-sqrt -Wl,--no-relax -ffunction-sections -fdata-sections -MMD -MP -MF"src/echo.d" -MT"src/echo.o" -o "src/echo.o" "../src/echo.c"
Finished building: ../src/echo.c
 
Building file: ../src/main.c
Invoking: MicroBlaze gcc compiler
mb-gcc -Wall -O0 -g3 -c -fmessage-length=0 -MT"src/main.o" -I../../test_echo_bsp/microblaze_0/include -mlittle-endian -mno-xl-soft-div -mcpu=v11.0 -mno-xl-soft-mul -mhard-float -mxl-float-convert -mxl-float-sqrt -Wl,--no-relax -ffunction-sections -fdata-sections -MMD -MP -MF"src/main.d" -MT"src/main.o" -o "src/main.o" "../src/main.c"
Finished building: ../src/main.c
 
Building file: ../src/sensor_fusion.c
Invoking: MicroBlaze gcc compiler
mb-gcc -Wall -O0 -g3 -c -fmessage-length=0 -MT"src/sensor_fusion.o" -I../../test_echo_bsp/microblaze_0/include -mlittle-endian -mno-xl-soft-div -mcpu=v11.0 -mno-xl-soft-mul -mhard-float -mxl-float-convert -mxl-float-sqrt -Wl,--no-relax -ffunction-sections -fdata-sections -MMD -MP -MF"src/sensor_fusion.d" -MT"src/sensor_fusion.o" -o "src/sensor_fusion.o" "../src/sensor_fusion.c"
Finished building: ../src/sensor_fusion.c
 
Building target: test_echo.elf
Invoking: MicroBlaze gcc linker
mb-gcc -Wl,-T -Wl,../src/lscript.ld -L../../test_echo_bsp/microblaze_0/lib -mlittle-endian -mno-xl-soft-div -mcpu=v11.0 -mno-xl-soft-mul -mhard-float -mxl-float-convert -mxl-float-sqrt -Wl,--no-relax -Wl,--gc-sections -o "test_echo.elf"  ./src/circular_buffer.o ./src/echo.o ./src/i2c_access.o ./src/iic_phyreset.o ./src/main.o ./src/platform.o ./src/platform_mb.o ./src/platform_ppc.o ./src/platform_zynq.o ./src/platform_zynqmp.o ./src/sensor_fusion.o ./src/sfp.o ./src/si5324.o   -Wl,--start-group,-lxil,-lgcc,-lc,--end-group -Wl,--start-group,-lxil,-llwip4,-lgcc,-lc,--end-group
Finished building target: test_echo.elf
 
Invoking: MicroBlaze Print Size
mb-size test_echo.elf  |tee "test_echo.elf.size"
   text	   data	    bss	    dec	    hex	filename
 182760	   1608	3962632	4147000	 3f4738	test_echo.elf
Finished building: test_echo.elf.size
 
21:28:38 **** Incremental Build of configuration Debug for project test_echo ****
make all 
make: Nothing to be done for 'all'.
22:08:49 **** Build of project test_echo_bsp ****
make -k all 
"Running Make include in microblaze_0/libsrc/bram_v4_2/src"
C:/Xilinx2/SDK/2018.3/gnuwin/bin/make -C microblaze_0/libsrc/bram_v4_2/src -s include  "SHELL=CMD" "COMPILER=mb-gcc" "ARCHIVER=mb-ar" "COMPILER_FLAGS=  -O2 -c -mcpu=v11.0 -mhard-float -mlittle-endian -mno-xl-soft-div -mno-xl-soft-mul -mxl-float-convert -mxl-float-sqrt" "EXTRA_COMPILER_FLAGS=-ffunction-sections -fdata-sections -Wall -Wextra"
"Running Make include in microblaze_0/libsrc/cpu_v2_8/src"
C:/Xilinx2/SDK/2018.3/gnuwin/bin/make -C microblaze_0/libsrc/cpu_v2_8/src -s include  "SHELL=CMD" "COMPILER=mb-gcc" "ARCHIVER=mb-ar" "COMPILER_FLAGS=  -O2 -c -mcpu=v11.0 -mhard-float -mlittle-endian -mno-xl-soft-div -mno-xl-soft-mul -mxl-float-convert -mxl-float-sqrt" "EXTRA_COMPILER_FLAGS=-ffunction-sections -fdata-sections -Wall -Wextra"
"Running Make include in microblaze_0/libsrc/emaclite_v4_3/src"
C:/Xilinx2/SDK/2018.3/gnuwin/bin/make -C microblaze_0/libsrc/emaclite_v4_3/src -s include  "SHELL=CMD" "COMPILER=mb-gcc" "ARCHIVER=mb-ar" "COMPILER_FLAGS=  -O2 -c -mcpu=v11.0 -mhard-float -mlittle-endian -mno-xl-soft-div -mno-xl-soft-mul -mxl-float-convert -mxl-float-sqrt" "EXTRA_COMPILER_FLAGS=-ffunction-sections -fdata-sections -Wall -Wextra"
"Running Make include in microblaze_0/libsrc/intc_v3_8/src"
C:/Xilinx2/SDK/2018.3/gnuwin/bin/make -C microblaze_0/libsrc/intc_v3_8/src -s include  "SHELL=CMD" "COMPILER=mb-gcc" "ARCHIVER=mb-ar" "COMPILER_FLAGS=  -O2 -c -mcpu=v11.0 -mhard-float -mlittle-endian -mno-xl-soft-div -mno-xl-soft-mul -mxl-float-convert -mxl-float-sqrt" "EXTRA_COMPILER_FLAGS=-ffunction-sections -fdata-sections -Wall -Wextra"
"Running Make include in microblaze_0/libsrc/lwip202_v1_2/src"
C:/Xilinx2/SDK/2018.3/gnuwin/bin/make -C microblaze_0/libsrc/lwip202_v1_2/src -s include  "SHELL=CMD" "COMPILER=mb-gcc" "ARCHIVER=mb-ar" "COMPILER_FLAGS=  -O2 -c -mcpu=v11.0 -mhard-float -mlittle-endian -mno-xl-soft-div -mno-xl-soft-mul -mxl-float-convert -mxl-float-sqrt" "EXTRA_COMPILER_FLAGS=-ffunction-sections -fdata-sections -Wall -Wextra"
"Running Make include in microblaze_0/libsrc/PmodAD2_v1_0/src"
C:/Xilinx2/SDK/2018.3/gnuwin/bin/make -C microblaze_0/libsrc/PmodAD2_v1_0/src -s include  "SHELL=CMD" "COMPILER=mb-gcc" "ARCHIVER=mb-ar" "COMPILER_FLAGS=  -O2 -c -mcpu=v11.0 -mhard-float -mlittle-endian -mno-xl-soft-div -mno-xl-soft-mul -mxl-float-convert -mxl-float-sqrt" "EXTRA_COMPILER_FLAGS=-ffunction-sections -fdata-sections -Wall -Wextra"
"Running Make include in microblaze_0/libsrc/PmodGPIO_v1_0/src"
C:/Xilinx2/SDK/2018.3/gnuwin/bin/make -C microblaze_0/libsrc/PmodGPIO_v1_0/src -s include  "SHELL=CMD" "COMPILER=mb-gcc" "ARCHIVER=mb-ar" "COMPILER_FLAGS=  -O2 -c -mcpu=v11.0 -mhard-float -mlittle-endian -mno-xl-soft-div -mno-xl-soft-mul -mxl-float-convert -mxl-float-sqrt" "EXTRA_COMPILER_FLAGS=-ffunction-sections -fdata-sections -Wall -Wextra"
"Running Make include in microblaze_0/libsrc/standalone_v6_8/src"
C:/Xilinx2/SDK/2018.3/gnuwin/bin/make -C microblaze_0/libsrc/standalone_v6_8/src -s include  "SHELL=CMD" "COMPILER=mb-gcc" "ARCHIVER=mb-ar" "COMPILER_FLAGS=  -O2 -c -mcpu=v11.0 -mhard-float -mlittle-endian -mno-xl-soft-div -mno-xl-soft-mul -mxl-float-convert -mxl-float-sqrt" "EXTRA_COMPILER_FLAGS=-ffunction-sections -fdata-sections -Wall -Wextra"
"Running Make include in microblaze_0/libsrc/tmrctr_v4_5/src"
C:/Xilinx2/SDK/2018.3/gnuwin/bin/make -C microblaze_0/libsrc/tmrctr_v4_5/src -s include  "SHELL=CMD" "COMPILER=mb-gcc" "ARCHIVER=mb-ar" "COMPILER_FLAGS=  -O2 -c -mcpu=v11.0 -mhard-float -mlittle-endian -mno-xl-soft-div -mno-xl-soft-mul -mxl-float-convert -mxl-float-sqrt" "EXTRA_COMPILER_FLAGS=-ffunction-sections -fdata-sections -Wall -Wextra"
"Running Make include in microblaze_0/libsrc/uartlite_v3_2/src"
C:/Xilinx2/SDK/2018.3/gnuwin/bin/make -C microblaze_0/libsrc/uartlite_v3_2/src -s include  "SHELL=CMD" "COMPILER=mb-gcc" "ARCHIVER=mb-ar" "COMPILER_FLAGS=  -O2 -c -mcpu=v11.0 -mhard-float -mlittle-endian -mno-xl-soft-div -mno-xl-soft-mul -mxl-float-convert -mxl-float-sqrt" "EXTRA_COMPILER_FLAGS=-ffunction-sections -fdata-sections -Wall -Wextra"
"Running Make libs in microblaze_0/libsrc/bram_v4_2/src"
C:/Xilinx2/SDK/2018.3/gnuwin/bin/make -C microblaze_0/libsrc/bram_v4_2/src -s libs  "SHELL=CMD" "COMPILER=mb-gcc" "ARCHIVER=mb-ar" "COMPILER_FLAGS=  -O2 -c -mcpu=v11.0 -mhard-float -mlittle-endian -mno-xl-soft-div -mno-xl-soft-mul -mxl-float-convert -mxl-float-sqrt" "EXTRA_COMPILER_FLAGS=-ffunction-sections -fdata-sections -Wall -Wextra"
"Compiling bram"
"Running Make libs in microblaze_0/libsrc/cpu_v2_8/src"
C:/Xilinx2/SDK/2018.3/gnuwin/bin/make -C microblaze_0/libsrc/cpu_v2_8/src -s libs  "SHELL=CMD" "COMPILER=mb-gcc" "ARCHIVER=mb-ar" "COMPILER_FLAGS=  -O2 -c -mcpu=v11.0 -mhard-float -mlittle-endian -mno-xl-soft-div -mno-xl-soft-mul -mxl-float-convert -mxl-float-sqrt" "EXTRA_COMPILER_FLAGS=-ffunction-sections -fdata-sections -Wall -Wextra"
"Compiling cpu"
"Running Make libs in microblaze_0/libsrc/emaclite_v4_3/src"
C:/Xilinx2/SDK/2018.3/gnuwin/bin/make -C microblaze_0/libsrc/emaclite_v4_3/src -s libs  "SHELL=CMD" "COMPILER=mb-gcc" "ARCHIVER=mb-ar" "COMPILER_FLAGS=  -O2 -c -mcpu=v11.0 -mhard-float -mlittle-endian -mno-xl-soft-div -mno-xl-soft-mul -mxl-float-convert -mxl-float-sqrt" "EXTRA_COMPILER_FLAGS=-ffunction-sections -fdata-sections -Wall -Wextra"
"Compiling emaclite"
"Running Make libs in microblaze_0/libsrc/intc_v3_8/src"
C:/Xilinx2/SDK/2018.3/gnuwin/bin/make -C microblaze_0/libsrc/intc_v3_8/src -s libs  "SHELL=CMD" "COMPILER=mb-gcc" "ARCHIVER=mb-ar" "COMPILER_FLAGS=  -O2 -c -mcpu=v11.0 -mhard-float -mlittle-endian -mno-xl-soft-div -mno-xl-soft-mul -mxl-float-convert -mxl-float-sqrt" "EXTRA_COMPILER_FLAGS=-ffunction-sections -fdata-sections -Wall -Wextra"
"Compiling intc"
"Running Make libs in microblaze_0/libsrc/lwip202_v1_2/src"
C:/Xilinx2/SDK/2018.3/gnuwin/bin/make -C microblaze_0/libsrc/lwip202_v1_2/src -s libs  "SHELL=CMD" "COMPILER=mb-gcc" "ARCHIVER=mb-ar" "COMPILER_FLAGS=  -O2 -c -mcpu=v11.0 -mhard-float -mlittle-endian -mno-xl-soft-div -mno-xl-soft-mul -mxl-float-convert -mxl-float-sqrt" "EXTRA_COMPILER_FLAGS=-ffunction-sections -fdata-sections -Wall -Wextra"
"Compiling lwip src and adapter files"
"Running Make libs in microblaze_0/libsrc/PmodAD2_v1_0/src"
C:/Xilinx2/SDK/2018.3/gnuwin/bin/make -C microblaze_0/libsrc/PmodAD2_v1_0/src -s libs  "SHELL=CMD" "COMPILER=mb-gcc" "ARCHIVER=mb-ar" "COMPILER_FLAGS=  -O2 -c -mcpu=v11.0 -mhard-float -mlittle-endian -mno-xl-soft-div -mno-xl-soft-mul -mxl-float-convert -mxl-float-sqrt" "EXTRA_COMPILER_FLAGS=-ffunction-sections -fdata-sections -Wall -Wextra"
"Compiling PmodAD2..."
In file included from xiic.h:311:0,
                 from PmodAD2.h:23,
                 from PmodAD2.c:21:
PmodAD2.c: In function 'AD2_IICInit':
xiic_l.h:300:13: warning: passing argument 1 of 'Xil_Out32' makes integer from pointer without a cast [-Wint-conversion]
  XIic_Out32((BaseAddress) + (RegOffset), (RegisterValue))
             ^
xiic_l.h:317:2: note: in expansion of macro 'XIic_WriteReg'
  XIic_WriteReg((BaseAddress), XIIC_DGIER_OFFSET, 0)
  ^~~~~~~~~~~~~
PmodAD2.c:80:4: note: in expansion of macro 'XIic_IntrGlobalDisable'
    XIic_IntrGlobalDisable(IicInstancePtr);
    ^~~~~~~~~~~~~~~~~~~~~~
In file included from xiic_l.h:98:0,
                 from xiic.h:311,
                 from PmodAD2.h:23,
                 from PmodAD2.c:21:
../../../include/xil_io.h:219:20: note: expected 'UINTPTR {aka unsigned int}' but argument is of type 'XIic * {aka struct <anonymous> *}'
 static INLINE void Xil_Out32(UINTPTR Addr, u32 Value)
                    ^~~~~~~~~
"Running Make libs in microblaze_0/libsrc/PmodGPIO_v1_0/src"
C:/Xilinx2/SDK/2018.3/gnuwin/bin/make -C microblaze_0/libsrc/PmodGPIO_v1_0/src -s libs  "SHELL=CMD" "COMPILER=mb-gcc" "ARCHIVER=mb-ar" "COMPILER_FLAGS=  -O2 -c -mcpu=v11.0 -mhard-float -mlittle-endian -mno-xl-soft-div -mno-xl-soft-mul -mxl-float-convert -mxl-float-sqrt" "EXTRA_COMPILER_FLAGS=-ffunction-sections -fdata-sections -Wall -Wextra"
"Compiling PmodGPIO..."
"Running Make libs in microblaze_0/libsrc/standalone_v6_8/src"
C:/Xilinx2/SDK/2018.3/gnuwin/bin/make -C microblaze_0/libsrc/standalone_v6_8/src -s libs  "SHELL=CMD" "COMPILER=mb-gcc" "ARCHIVER=mb-ar" "COMPILER_FLAGS=  -O2 -c -mcpu=v11.0 -mhard-float -mlittle-endian -mno-xl-soft-div -mno-xl-soft-mul -mxl-float-convert -mxl-float-sqrt" "EXTRA_COMPILER_FLAGS=-ffunction-sections -fdata-sections -Wall -Wextra"
"Compiling standalone";
microblaze_sleep.c:77:9: note: #pragma message: For the sleep routines, assembly instructions are used
 #pragma message ("For the sleep routines, assembly instructions are used")
         ^~~~~~~
"Running Make libs in microblaze_0/libsrc/tmrctr_v4_5/src"
C:/Xilinx2/SDK/2018.3/gnuwin/bin/make -C microblaze_0/libsrc/tmrctr_v4_5/src -s libs  "SHELL=CMD" "COMPILER=mb-gcc" "ARCHIVER=mb-ar" "COMPILER_FLAGS=  -O2 -c -mcpu=v11.0 -mhard-float -mlittle-endian -mno-xl-soft-div -mno-xl-soft-mul -mxl-float-convert -mxl-float-sqrt" "EXTRA_COMPILER_FLAGS=-ffunction-sections -fdata-sections -Wall -Wextra"
"Compiling tmrctr"
"Running Make libs in microblaze_0/libsrc/uartlite_v3_2/src"
C:/Xilinx2/SDK/2018.3/gnuwin/bin/make -C microblaze_0/libsrc/uartlite_v3_2/src -s libs  "SHELL=CMD" "COMPILER=mb-gcc" "ARCHIVER=mb-ar" "COMPILER_FLAGS=  -O2 -c -mcpu=v11.0 -mhard-float -mlittle-endian -mno-xl-soft-div -mno-xl-soft-mul -mxl-float-convert -mxl-float-sqrt" "EXTRA_COMPILER_FLAGS=-ffunction-sections -fdata-sections -Wall -Wextra"
"Compiling uartlite"
'Finished building libraries'
22:09:11 **** Build of configuration Debug for project test_echo ****
make all 
Building file: ../src/echo.c
Invoking: MicroBlaze gcc compiler
mb-gcc -Wall -O0 -g3 -c -fmessage-length=0 -MT"src/echo.o" -I../../test_echo_bsp/microblaze_0/include -mlittle-endian -mno-xl-soft-div -mcpu=v11.0 -mno-xl-soft-mul -mhard-float -mxl-float-convert -mxl-float-sqrt -Wl,--no-relax -ffunction-sections -fdata-sections -MMD -MP -MF"src/echo.d" -MT"src/echo.o" -o "src/echo.o" "../src/echo.c"
Finished building: ../src/echo.c
 
Building file: ../src/main.c
Invoking: MicroBlaze gcc compiler
mb-gcc -Wall -O0 -g3 -c -fmessage-length=0 -MT"src/main.o" -I../../test_echo_bsp/microblaze_0/include -mlittle-endian -mno-xl-soft-div -mcpu=v11.0 -mno-xl-soft-mul -mhard-float -mxl-float-convert -mxl-float-sqrt -Wl,--no-relax -ffunction-sections -fdata-sections -MMD -MP -MF"src/main.d" -MT"src/main.o" -o "src/main.o" "../src/main.c"
Finished building: ../src/main.c
 
Building file: ../src/platform.c
Invoking: MicroBlaze gcc compiler
mb-gcc -Wall -O0 -g3 -c -fmessage-length=0 -MT"src/platform.o" -I../../test_echo_bsp/microblaze_0/include -mlittle-endian -mno-xl-soft-div -mcpu=v11.0 -mno-xl-soft-mul -mhard-float -mxl-float-convert -mxl-float-sqrt -Wl,--no-relax -ffunction-sections -fdata-sections -MMD -MP -MF"src/platform.d" -MT"src/platform.o" -o "src/platform.o" "../src/platform.c"
Finished building: ../src/platform.c
 
Building file: ../src/platform_mb.c
Invoking: MicroBlaze gcc compiler
mb-gcc -Wall -O0 -g3 -c -fmessage-length=0 -MT"src/platform_mb.o" -I../../test_echo_bsp/microblaze_0/include -mlittle-endian -mno-xl-soft-div -mcpu=v11.0 -mno-xl-soft-mul -mhard-float -mxl-float-convert -mxl-float-sqrt -Wl,--no-relax -ffunction-sections -fdata-sections -MMD -MP -MF"src/platform_mb.d" -MT"src/platform_mb.o" -o "src/platform_mb.o" "../src/platform_mb.c"
Finished building: ../src/platform_mb.c
 
Building target: test_echo.elf
Invoking: MicroBlaze gcc linker
mb-gcc -Wl,-T -Wl,../src/lscript.ld -L../../test_echo_bsp/microblaze_0/lib -mlittle-endian -mno-xl-soft-div -mcpu=v11.0 -mno-xl-soft-mul -mhard-float -mxl-float-convert -mxl-float-sqrt -Wl,--no-relax -Wl,--gc-sections -o "test_echo.elf"  ./src/circular_buffer.o ./src/echo.o ./src/i2c_access.o ./src/iic_phyreset.o ./src/main.o ./src/platform.o ./src/platform_mb.o ./src/platform_ppc.o ./src/platform_zynq.o ./src/platform_zynqmp.o ./src/sensor_fusion.o ./src/sfp.o ./src/si5324.o   -Wl,--start-group,-lxil,-lgcc,-lc,--end-group -Wl,--start-group,-lxil,-llwip4,-lgcc,-lc,--end-group
Finished building target: test_echo.elf
 
Invoking: MicroBlaze Print Size
mb-size test_echo.elf  |tee "test_echo.elf.size"
   text	   data	    bss	    dec	    hex	filename
 182760	   1608	3962632	4147000	 3f4738	test_echo.elf
Finished building: test_echo.elf.size
 
22:09:27 **** Incremental Build of configuration Debug for project test_echo ****
make all 
make: Nothing to be done for 'all'.
23:02:52 **** Incremental Build of configuration Debug for project test_echo ****
make all 
make: Nothing to be done for 'all'.
23:03:01 **** Incremental Build of configuration Debug for project test_echo ****
make all 
make: Nothing to be done for 'all'.
23:25:21 **** Incremental Build of configuration Debug for project test_echo ****
make all 
make: Nothing to be done for 'all'.
